2026-09-25 10:13:57 [INFO] Logging to outputs\newton\20260919_201912\train.log
2026-09-25 10:14:10 [INFO] [epoch   0] train=7.1242 val_pred=0.0061 latent_std=1.073 cos(h1)=0.977
2026-09-25 10:14:16 [INFO] [epoch   1] train=3.5576 val_pred=0.0209 latent_std=0.944 cos(h1)=0.890
2026-09-25 10:14:21 [INFO] [epoch   2] train=3.4887 val_pred=0.0237 latent_std=1.037 cos(h1)=0.973
2026-09-25 10:14:27 [INFO] [epoch   3] train=3.5533 val_pred=0.0315 latent_std=0.999 cos(h1)=0.990
2026-09-25 10:14:33 [INFO] [epoch   4] train=3.7404 val_pred=0.0435 latent_std=0.916 cos(h1)=0.989
2026-09-25 10:14:38 [INFO] [epoch   5] train=3.7335 val_pred=0.0440 latent_std=1.040 cos(h1)=0.994
2026-09-25 10:14:44 [INFO] [epoch   6] train=3.7314 val_pred=0.0506 latent_std=1.076 cos(h1)=0.996
2026-09-25 10:14:49 [INFO] [epoch   7] train=4.0806 val_pred=0.0523 latent_std=1.008 cos(h1)=0.995
2026-09-25 10:14:55 [INFO] [epoch   8] train=3.6081 val_pred=0.0561 latent_std=0.967 cos(h1)=0.997
2026-09-25 10:15:00 [INFO] [epoch   9] train=3.6921 val_pred=0.0626 latent_std=0.972 cos(h1)=0.996
2026-09-25 10:15:06 [INFO] [epoch  10] train=3.5358 val_pred=0.0668 latent_std=1.066 cos(h1)=0.993
2026-09-25 10:15:11 [INFO] [epoch  11] train=3.6260 val_pred=0.0584 latent_std=0.928 cos(h1)=0.989
2026-09-25 10:15:17 [INFO] [epoch  12] train=3.6567 val_pred=0.0602 latent_std=0.965 cos(h1)=0.990
2026-09-25 10:15:22 [INFO] [epoch  13] train=3.4936 val_pred=0.0741 latent_std=0.992 cos(h1)=0.991
2026-09-25 10:15:28 [INFO] [epoch  14] train=3.4580 val_pred=0.0585 latent_std=1.038 cos(h1)=0.981
2026-09-25 10:15:33 [INFO] [epoch  15] train=3.4308 val_pred=0.0676 latent_std=1.045 cos(h1)=0.981
2026-09-25 10:15:39 [INFO] [epoch  16] train=3.5362 val_pred=0.0748 latent_std=1.021 cos(h1)=0.968
2026-09-25 10:15:44 [INFO] [epoch  17] train=3.5444 val_pred=0.0585 latent_std=1.062 cos(h1)=0.967
2026-09-25 10:15:50 [INFO] [epoch  18] train=3.6434 val_pred=0.1150 latent_std=0.935 cos(h1)=0.976
2026-09-25 10:15:55 [INFO] [epoch  19] train=3.5265 val_pred=0.0589 latent_std=1.031 cos(h1)=0.979
2026-09-25 10:16:00 [INFO] [epoch  20] train=3.5888 val_pred=0.0623 latent_std=0.988 cos(h1)=0.972
2026-09-25 10:16:06 [INFO] [epoch  21] train=3.5274 val_pred=0.0585 latent_std=1.051 cos(h1)=0.981
2026-09-25 10:16:11 [INFO] [epoch  22] train=3.6156 val_pred=0.0975 latent_std=1.015 cos(h1)=0.952
2026-09-25 10:16:17 [INFO] [epoch  23] train=3.5235 val_pred=0.0823 latent_std=0.962 cos(h1)=0.962
2026-09-25 10:16:22 [INFO] [epoch  24] train=3.7322 val_pred=0.0589 latent_std=1.025 cos(h1)=0.978
2026-09-25 10:16:28 [INFO] [epoch  25] train=3.6543 val_pred=0.0553 latent_std=0.999 cos(h1)=0.973
2026-09-25 10:16:33 [INFO] [epoch  26] train=3.6796 val_pred=0.0558 latent_std=0.982 cos(h1)=0.968
2026-09-25 10:16:39 [INFO] [epoch  27] train=3.5039 val_pred=0.0543 latent_std=1.033 cos(h1)=0.976
2026-09-25 10:16:44 [INFO] [epoch  28] train=3.6516 val_pred=0.0541 latent_std=1.019 cos(h1)=0.973
2026-09-25 10:16:50 [INFO] [epoch  29] train=3.4744 val_pred=0.0590 latent_std=1.029 cos(h1)=0.975
2026-09-25 10:16:55 [INFO] [epoch  30] train=3.5007 val_pred=0.0864 latent_std=0.998 cos(h1)=0.971
2026-09-25 10:17:00 [INFO] [epoch  31] train=3.5742 val_pred=0.0771 latent_std=0.971 cos(h1)=0.969
2026-09-25 10:17:06 [INFO] [epoch  32] train=3.6163 val_pred=0.0531 latent_std=0.991 cos(h1)=0.984
2026-09-25 10:17:12 [INFO] [epoch  33] train=3.4738 val_pred=0.0527 latent_std=0.999 cos(h1)=0.981
2026-09-25 10:17:17 [INFO] [epoch  34] train=3.6335 val_pred=0.0720 latent_std=1.027 cos(h1)=0.963
2026-09-25 10:17:22 [INFO] [epoch  35] train=3.4518 val_pred=0.0587 latent_std=0.981 cos(h1)=0.979
2026-09-25 10:17:28 [INFO] [epoch  36] train=3.4812 val_pred=0.0534 latent_std=0.997 cos(h1)=0.983
2026-09-25 10:17:33 [INFO] [epoch  37] train=3.3979 val_pred=0.0529 latent_std=1.042 cos(h1)=0.985
2026-09-25 10:17:39 [INFO] [epoch  38] train=3.4400 val_pred=0.0578 latent_std=1.067 cos(h1)=0.983
2026-09-25 10:17:44 [INFO] [epoch  39] train=3.5719 val_pred=0.0844 latent_std=1.089 cos(h1)=0.985
2026-09-25 10:17:50 [INFO] [epoch  40] train=3.4480 val_pred=0.0535 latent_std=0.965 cos(h1)=0.990
2026-09-25 10:17:55 [INFO] [epoch  41] train=3.4530 val_pred=0.0524 latent_std=1.022 cos(h1)=0.987
2026-09-25 10:18:01 [INFO] [epoch  42] train=3.4769 val_pred=0.0587 latent_std=1.022 cos(h1)=0.991
2026-09-25 10:18:06 [INFO] [epoch  43] train=3.4232 val_pred=0.0534 latent_std=1.036 cos(h1)=0.993
2026-09-25 10:18:12 [INFO] [epoch  44] train=3.4996 val_pred=0.0713 latent_std=1.079 cos(h1)=0.994
2026-09-25 10:18:17 [INFO] [epoch  45] train=3.4175 val_pred=0.0525 latent_std=0.995 cos(h1)=0.994
2026-09-25 10:18:22 [INFO] [epoch  46] train=3.3512 val_pred=0.0531 latent_std=1.019 cos(h1)=0.994
2026-09-25 10:18:28 [INFO] [epoch  47] train=3.3930 val_pred=0.0641 latent_std=1.006 cos(h1)=0.993
2026-09-25 10:18:33 [INFO] [epoch  48] train=3.4094 val_pred=0.0533 latent_std=1.064 cos(h1)=0.994
2026-09-25 10:18:39 [INFO] [epoch  49] train=3.7430 val_pred=0.0595 latent_std=1.034 cos(h1)=0.984
2026-09-25 10:18:44 [INFO] [epoch  50] train=3.5205 val_pred=0.0534 latent_std=1.044 cos(h1)=0.994
2026-09-25 10:18:49 [INFO] [epoch  51] train=3.4083 val_pred=0.0519 latent_std=1.060 cos(h1)=0.995
2026-09-25 10:18:55 [INFO] [epoch  52] train=3.4721 val_pred=0.0515 latent_std=1.018 cos(h1)=0.995
2026-09-25 10:19:00 [INFO] [epoch  53] train=3.3860 val_pred=0.0515 latent_std=1.040 cos(h1)=0.995
2026-09-25 10:19:06 [INFO] [epoch  54] train=3.4733 val_pred=0.0542 latent_std=1.001 cos(h1)=0.995
2026-09-25 10:19:11 [INFO] [epoch  55] train=3.1956 val_pred=0.0601 latent_std=1.003 cos(h1)=0.996
2026-09-25 10:19:17 [INFO] [epoch  56] train=2.7819 val_pred=0.0546 latent_std=1.194 cos(h1)=0.979
2026-09-25 10:19:22 [INFO] [epoch  57] train=1.7507 val_pred=0.0560 latent_std=1.078 cos(h1)=0.821
2026-09-25 10:19:28 [INFO] [epoch  58] train=1.5808 val_pred=0.0693 latent_std=1.024 cos(h1)=0.979
2026-09-25 10:19:33 [INFO] [epoch  59] train=1.5015 val_pred=0.0563 latent_std=1.082 cos(h1)=0.932
2026-09-25 10:19:39 [INFO] [epoch  60] train=1.3930 val_pred=0.0542 latent_std=1.064 cos(h1)=0.996
2026-09-25 10:19:44 [INFO] [epoch  61] train=1.3458 val_pred=0.0517 latent_std=1.113 cos(h1)=0.997
2026-09-25 10:19:50 [INFO] [epoch  62] train=1.4119 val_pred=0.0518 latent_std=1.054 cos(h1)=0.997
2026-09-25 10:19:55 [INFO] [epoch  63] train=1.3118 val_pred=0.0509 latent_std=1.019 cos(h1)=0.997
2026-09-25 10:20:00 [INFO] [epoch  64] train=1.3453 val_pred=0.0502 latent_std=1.052 cos(h1)=0.998
2026-09-25 10:20:06 [INFO] [epoch  65] train=1.2555 val_pred=0.0503 latent_std=1.040 cos(h1)=0.997
2026-09-25 10:20:11 [INFO] [epoch  66] train=1.2509 val_pred=0.0494 latent_std=1.013 cos(h1)=0.997
2026-09-25 10:20:17 [INFO] [epoch  67] train=1.2517 val_pred=0.0516 latent_std=1.054 cos(h1)=0.998
2026-09-25 10:20:22 [INFO] [epoch  68] train=1.2105 val_pred=0.0497 latent_std=1.022 cos(h1)=0.998
2026-09-25 10:20:27 [INFO] [epoch  69] train=1.2456 val_pred=0.0518 latent_std=1.048 cos(h1)=0.998
2026-09-25 10:20:33 [INFO] [epoch  70] train=1.2807 val_pred=0.0523 latent_std=1.017 cos(h1)=0.998
2026-09-25 10:20:39 [INFO] [epoch  71] train=1.2540 val_pred=0.0493 latent_std=1.045 cos(h1)=0.998
2026-09-25 10:20:44 [INFO] [epoch  72] train=1.2518 val_pred=0.0504 latent_std=1.042 cos(h1)=0.998
2026-09-25 10:20:50 [INFO] [epoch  73] train=1.2505 val_pred=0.0597 latent_std=1.013 cos(h1)=0.998
2026-09-25 10:20:55 [INFO] [epoch  74] train=1.2674 val_pred=0.0513 latent_std=1.037 cos(h1)=0.998
2026-09-25 10:21:01 [INFO] [epoch  75] train=1.1958 val_pred=0.0487 latent_std=1.014 cos(h1)=0.998
2026-09-25 10:21:06 [INFO] [epoch  76] train=1.2594 val_pred=0.0554 latent_std=1.070 cos(h1)=0.998
2026-09-25 10:21:12 [INFO] [epoch  77] train=1.2211 val_pred=0.0487 latent_std=1.015 cos(h1)=0.998
2026-09-25 10:21:17 [INFO] [epoch  78] train=1.1973 val_pred=0.0488 latent_std=1.041 cos(h1)=0.998
2026-09-25 10:21:23 [INFO] [epoch  79] train=1.2253 val_pred=0.0486 latent_std=1.022 cos(h1)=0.998
2026-09-25 10:21:28 [INFO] [epoch  80] train=1.2174 val_pred=0.0636 latent_std=1.037 cos(h1)=0.997
2026-09-25 10:21:33 [INFO] [epoch  81] train=1.2312 val_pred=0.0498 latent_std=1.051 cos(h1)=0.998
2026-09-25 10:21:39 [INFO] [epoch  82] train=1.2167 val_pred=0.0551 latent_std=1.028 cos(h1)=0.998
2026-09-25 10:21:44 [INFO] [epoch  83] train=1.2338 val_pred=0.0562 latent_std=1.027 cos(h1)=0.998
2026-09-25 10:21:50 [INFO] [epoch  84] train=1.2562 val_pred=0.0493 latent_std=1.009 cos(h1)=0.998
2026-09-25 10:21:56 [INFO] [epoch  85] train=1.2563 val_pred=0.0484 latent_std=1.026 cos(h1)=0.998
2026-09-25 10:22:02 [INFO] [epoch  86] train=1.2438 val_pred=0.0539 latent_std=1.078 cos(h1)=0.998
2026-09-25 10:22:07 [INFO] [epoch  87] train=1.2363 val_pred=0.0501 latent_std=1.016 cos(h1)=0.998
2026-09-25 10:22:13 [INFO] [epoch  88] train=1.2197 val_pred=0.0487 latent_std=1.002 cos(h1)=0.998
2026-09-25 10:22:18 [INFO] [epoch  89] train=1.1825 val_pred=0.0483 latent_std=1.038 cos(h1)=0.998
2026-09-25 10:22:24 [INFO] [epoch  90] train=1.2352 val_pred=0.0529 latent_std=1.030 cos(h1)=0.999
2026-09-25 10:22:29 [INFO] [epoch  91] train=1.1990 val_pred=0.0480 latent_std=1.059 cos(h1)=0.998
2026-09-25 10:22:35 [INFO] [epoch  92] train=1.2425 val_pred=0.0554 latent_std=1.019 cos(h1)=0.998
2026-09-25 10:22:40 [INFO] [epoch  93] train=1.1941 val_pred=0.0482 latent_std=1.046 cos(h1)=0.998
2026-09-25 10:22:46 [INFO] [epoch  94] train=1.2466 val_pred=0.0581 latent_std=1.030 cos(h1)=0.998
2026-09-25 10:22:51 [INFO] [epoch  95] train=1.1850 val_pred=0.0474 latent_std=1.005 cos(h1)=0.998
2026-09-25 10:22:57 [INFO] [epoch  96] train=1.2681 val_pred=0.0549 latent_std=1.042 cos(h1)=0.998
2026-09-25 10:23:02 [INFO] [epoch  97] train=1.2293 val_pred=0.0581 latent_std=1.037 cos(h1)=0.999
2026-09-25 10:23:07 [INFO] [epoch  98] train=1.2202 val_pred=0.0508 latent_std=1.018 cos(h1)=0.998
2026-09-25 10:23:13 [INFO] [epoch  99] train=1.2135 val_pred=0.0480 latent_std=1.021 cos(h1)=0.998
2026-09-25 10:23:19 [INFO] [epoch 100] train=1.1817 val_pred=0.0493 latent_std=1.018 cos(h1)=0.998
2026-09-25 10:23:24 [INFO] [epoch 101] train=1.2057 val_pred=0.0543 latent_std=1.034 cos(h1)=0.998
2026-09-25 10:23:30 [INFO] [epoch 102] train=1.1808 val_pred=0.0470 latent_std=1.020 cos(h1)=0.998
2026-09-25 10:23:35 [INFO] [epoch 103] train=1.2089 val_pred=0.0571 latent_std=1.014 cos(h1)=0.998
2026-09-25 10:23:41 [INFO] [epoch 104] train=1.2069 val_pred=0.0486 latent_std=1.030 cos(h1)=0.998
2026-09-25 10:23:46 [INFO] [epoch 105] train=1.2260 val_pred=0.0566 latent_std=1.011 cos(h1)=0.998
2026-09-25 10:23:52 [INFO] [epoch 106] train=1.2033 val_pred=0.0495 latent_std=1.018 cos(h1)=0.998
2026-09-25 10:23:57 [INFO] [epoch 107] train=1.1989 val_pred=0.0505 latent_std=1.057 cos(h1)=0.998
2026-09-25 10:24:03 [INFO] [epoch 108] train=1.2662 val_pred=0.0579 latent_std=1.012 cos(h1)=0.998
2026-09-25 10:24:08 [INFO] [epoch 109] train=1.1845 val_pred=0.0504 latent_std=1.012 cos(h1)=0.998
2026-09-25 10:24:14 [INFO] [epoch 110] train=1.2189 val_pred=0.0535 latent_std=1.020 cos(h1)=0.997
2026-09-25 10:24:19 [INFO] [epoch 111] train=1.1951 val_pred=0.0474 latent_std=1.017 cos(h1)=0.998
2026-09-25 10:24:24 [INFO] [epoch 112] train=1.2144 val_pred=0.0468 latent_std=1.042 cos(h1)=0.998
2026-09-25 10:24:30 [INFO] [epoch 113] train=1.1954 val_pred=0.0546 latent_std=1.019 cos(h1)=0.998
2026-09-25 10:24:35 [INFO] [epoch 114] train=1.1920 val_pred=0.0503 latent_std=1.016 cos(h1)=0.998
2026-09-25 10:24:41 [INFO] [epoch 115] train=1.1469 val_pred=0.0459 latent_std=1.006 cos(h1)=0.998
2026-09-25 10:24:46 [INFO] [epoch 116] train=1.2641 val_pred=0.0473 latent_std=1.027 cos(h1)=0.998
2026-09-25 10:24:52 [INFO] [epoch 117] train=1.1945 val_pred=0.0483 latent_std=1.018 cos(h1)=0.998
2026-09-25 10:24:57 [INFO] [epoch 118] train=1.2416 val_pred=0.0565 latent_std=1.013 cos(h1)=0.998
2026-09-25 10:25:03 [INFO] [epoch 119] train=1.1608 val_pred=0.0467 latent_std=1.013 cos(h1)=0.998
2026-09-25 10:25:08 [INFO] [epoch 120] train=1.1635 val_pred=0.0461 latent_std=1.014 cos(h1)=0.998
2026-09-25 10:25:13 [INFO] [epoch 121] train=1.1793 val_pred=0.0516 latent_std=1.033 cos(h1)=0.998
2026-09-25 10:25:19 [INFO] [epoch 122] train=1.1753 val_pred=0.0466 latent_std=1.016 cos(h1)=0.998
2026-09-25 10:25:24 [INFO] [epoch 123] train=1.1724 val_pred=0.0477 latent_std=1.010 cos(h1)=0.998
2026-09-25 10:25:30 [INFO] [epoch 124] train=1.2237 val_pred=0.0540 latent_std=1.037 cos(h1)=0.998
2026-09-25 10:25:35 [INFO] [epoch 125] train=1.1907 val_pred=0.0465 latent_std=1.022 cos(h1)=0.998
2026-09-25 10:25:41 [INFO] [epoch 126] train=1.1926 val_pred=0.0463 latent_std=1.014 cos(h1)=0.998
2026-09-25 10:25:46 [INFO] [epoch 127] train=1.1958 val_pred=0.0491 latent_std=1.065 cos(h1)=0.998
2026-09-25 10:25:51 [INFO] [epoch 128] train=1.1669 val_pred=0.0456 latent_std=1.003 cos(h1)=0.998
2026-09-25 10:25:57 [INFO] [epoch 129] train=1.1606 val_pred=0.0459 latent_std=1.013 cos(h1)=0.998
2026-09-25 10:26:02 [INFO] [epoch 130] train=1.1785 val_pred=0.0482 latent_std=1.028 cos(h1)=0.998
2026-09-25 10:26:08 [INFO] [epoch 131] train=1.1857 val_pred=0.0475 latent_std=1.044 cos(h1)=0.998
2026-09-25 10:26:13 [INFO] [epoch 132] train=1.1885 val_pred=0.0459 latent_std=0.999 cos(h1)=0.998
2026-09-25 10:26:19 [INFO] [epoch 133] train=1.1859 val_pred=0.0492 latent_std=1.008 cos(h1)=0.998
2026-09-25 10:26:24 [INFO] [epoch 134] train=1.1485 val_pred=0.0471 latent_std=1.010 cos(h1)=0.999
2026-09-25 10:26:30 [INFO] [epoch 135] train=1.1594 val_pred=0.0447 latent_std=1.022 cos(h1)=0.999
2026-09-25 10:26:35 [INFO] [epoch 136] train=1.1471 val_pred=0.0443 latent_std=1.022 cos(h1)=0.998
2026-09-25 10:26:41 [INFO] [epoch 137] train=1.1505 val_pred=0.0447 latent_std=1.020 cos(h1)=0.998
2026-09-25 10:26:46 [INFO] [epoch 138] train=1.1481 val_pred=0.0448 latent_std=1.015 cos(h1)=0.998
2026-09-25 10:26:52 [INFO] [epoch 139] train=1.1816 val_pred=0.0531 latent_std=1.021 cos(h1)=0.999
2026-09-25 10:26:57 [INFO] [epoch 140] train=1.1660 val_pred=0.0445 latent_std=1.011 cos(h1)=0.999
2026-09-25 10:27:03 [INFO] [epoch 141] train=1.1908 val_pred=0.0443 latent_std=1.021 cos(h1)=0.999
2026-09-25 10:27:08 [INFO] [epoch 142] train=1.1529 val_pred=0.0449 latent_std=1.032 cos(h1)=0.999
2026-09-25 10:27:14 [INFO] [epoch 143] train=1.1782 val_pred=0.0454 latent_std=1.040 cos(h1)=0.998
2026-09-25 10:27:19 [INFO] [epoch 144] train=1.1673 val_pred=0.0450 latent_std=1.029 cos(h1)=0.999
2026-09-25 10:27:25 [INFO] [epoch 145] train=1.1564 val_pred=0.0442 latent_std=1.012 cos(h1)=0.999
2026-09-25 10:27:31 [INFO] [epoch 146] train=1.1593 val_pred=0.0506 latent_std=1.026 cos(h1)=0.999
2026-09-25 10:27:36 [INFO] [epoch 147] train=1.1522 val_pred=0.0448 latent_std=0.995 cos(h1)=0.999
2026-09-25 10:27:42 [INFO] [epoch 148] train=1.1773 val_pred=0.0463 latent_std=1.033 cos(h1)=0.999
2026-09-25 10:27:47 [INFO] [epoch 149] train=1.1617 val_pred=0.0445 latent_std=1.007 cos(h1)=0.999
2026-09-25 10:27:52 [INFO] [epoch 150] train=1.1518 val_pred=0.0438 latent_std=1.010 cos(h1)=0.998
2026-09-25 10:27:58 [INFO] [epoch 151] train=1.1329 val_pred=0.0443 latent_std=0.995 cos(h1)=0.998
2026-09-25 10:28:03 [INFO] [epoch 152] train=1.1404 val_pred=0.0435 latent_std=1.013 cos(h1)=0.999
2026-09-25 10:28:09 [INFO] [epoch 153] train=1.1493 val_pred=0.0438 latent_std=1.008 cos(h1)=0.998
2026-09-25 10:28:14 [INFO] [epoch 154] train=1.1525 val_pred=0.0461 latent_std=1.034 cos(h1)=0.999
2026-09-25 10:28:20 [INFO] [epoch 155] train=1.1555 val_pred=0.0457 latent_std=1.010 cos(h1)=0.999
2026-09-25 10:28:26 [INFO] [epoch 156] train=1.1519 val_pred=0.0441 latent_std=1.030 cos(h1)=0.999
2026-09-25 10:28:32 [INFO] [epoch 157] train=1.1386 val_pred=0.0439 latent_std=1.021 cos(h1)=0.999
2026-09-25 10:28:37 [INFO] [epoch 158] train=1.1419 val_pred=0.0449 latent_std=1.018 cos(h1)=0.999
2026-09-25 10:28:43 [INFO] [epoch 159] train=1.1467 val_pred=0.0438 latent_std=1.013 cos(h1)=0.999
2026-09-25 10:28:49 [INFO] [epoch 160] train=1.1477 val_pred=0.0436 latent_std=1.029 cos(h1)=0.999
2026-09-25 10:28:54 [INFO] [epoch 161] train=1.1578 val_pred=0.0434 latent_std=1.011 cos(h1)=0.999
2026-09-25 10:29:00 [INFO] [epoch 162] train=1.1372 val_pred=0.0433 latent_std=1.024 cos(h1)=0.999
2026-09-25 10:29:05 [INFO] [epoch 163] train=1.1265 val_pred=0.0432 latent_std=1.019 cos(h1)=0.999
2026-09-25 10:29:11 [INFO] [epoch 164] train=1.1259 val_pred=0.0435 latent_std=1.031 cos(h1)=0.999
2026-09-25 10:29:16 [INFO] [epoch 165] train=1.1492 val_pred=0.0434 latent_std=1.019 cos(h1)=0.999
2026-09-25 10:29:22 [INFO] [epoch 166] train=1.1463 val_pred=0.0440 latent_std=1.012 cos(h1)=0.999
2026-09-25 10:29:27 [INFO] [epoch 167] train=1.1336 val_pred=0.0433 latent_std=1.022 cos(h1)=0.999
2026-09-25 10:29:33 [INFO] [epoch 168] train=1.1432 val_pred=0.0433 latent_std=1.015 cos(h1)=0.999
2026-09-25 10:29:38 [INFO] [epoch 169] train=1.1219 val_pred=0.0429 latent_std=1.020 cos(h1)=0.999
2026-09-25 10:29:44 [INFO] [epoch 170] train=1.1225 val_pred=0.0429 latent_std=1.012 cos(h1)=0.999
2026-09-25 10:29:49 [INFO] [epoch 171] train=1.1302 val_pred=0.0427 latent_std=1.016 cos(h1)=0.999
2026-09-25 10:29:55 [INFO] [epoch 172] train=1.1277 val_pred=0.0433 latent_std=1.007 cos(h1)=0.999
2026-09-25 10:30:00 [INFO] [epoch 173] train=1.1240 val_pred=0.0440 latent_std=1.015 cos(h1)=0.999
2026-09-25 10:30:06 [INFO] [epoch 174] train=1.1344 val_pred=0.0435 latent_std=1.012 cos(h1)=0.999
2026-09-25 10:30:11 [INFO] [epoch 175] train=1.1332 val_pred=0.0428 latent_std=1.004 cos(h1)=0.999
2026-09-25 10:30:17 [INFO] [epoch 176] train=1.1418 val_pred=0.0426 latent_std=1.014 cos(h1)=0.999
2026-09-25 10:30:22 [INFO] [epoch 177] train=1.1273 val_pred=0.0427 latent_std=1.008 cos(h1)=0.999
2026-09-25 10:30:28 [INFO] [epoch 178] train=1.1243 val_pred=0.0426 latent_std=1.013 cos(h1)=0.999
2026-09-25 10:30:33 [INFO] [epoch 179] train=1.1220 val_pred=0.0427 latent_std=1.014 cos(h1)=0.999
2026-09-25 10:30:38 [INFO] [epoch 180] train=1.1303 val_pred=0.0425 latent_std=1.012 cos(h1)=0.999
2026-09-25 10:30:44 [INFO] [epoch 181] train=1.1322 val_pred=0.0425 latent_std=1.012 cos(h1)=0.999
2026-09-25 10:30:49 [INFO] [epoch 182] train=1.1234 val_pred=0.0425 latent_std=1.014 cos(h1)=0.999
2026-09-25 10:30:55 [INFO] [epoch 183] train=1.1203 val_pred=0.0425 latent_std=1.011 cos(h1)=0.999
2026-09-25 10:31:00 [INFO] [epoch 184] train=1.1104 val_pred=0.0425 latent_std=1.015 cos(h1)=0.999
2026-09-25 10:31:06 [INFO] [epoch 185] train=1.1259 val_pred=0.0426 latent_std=1.011 cos(h1)=0.999
2026-09-25 10:31:11 [INFO] [epoch 186] train=1.1070 val_pred=0.0424 latent_std=1.013 cos(h1)=0.999
2026-09-25 10:31:17 [INFO] [epoch 187] train=1.1279 val_pred=0.0425 latent_std=1.016 cos(h1)=0.999
2026-09-25 10:31:22 [INFO] [epoch 188] train=1.1194 val_pred=0.0424 latent_std=1.016 cos(h1)=0.999
2026-09-25 10:31:28 [INFO] [epoch 189] train=1.1195 val_pred=0.0425 latent_std=1.010 cos(h1)=0.999
2026-09-25 10:31:33 [INFO] [epoch 190] train=1.1248 val_pred=0.0424 latent_std=1.012 cos(h1)=0.999
2026-09-25 10:31:38 [INFO] [epoch 191] train=1.1150 val_pred=0.0424 latent_std=1.013 cos(h1)=0.999
2026-09-25 10:31:44 [INFO] [epoch 192] train=1.1146 val_pred=0.0424 latent_std=1.013 cos(h1)=0.999
2026-09-25 10:31:49 [INFO] [epoch 193] train=1.1119 val_pred=0.0424 latent_std=1.012 cos(h1)=0.999
2026-09-25 10:31:55 [INFO] [epoch 194] train=1.1235 val_pred=0.0424 latent_std=1.013 cos(h1)=0.999
2026-09-25 10:32:00 [INFO] [epoch 195] train=1.1063 val_pred=0.0424 latent_std=1.013 cos(h1)=0.999
2026-09-25 10:32:06 [INFO] [epoch 196] train=1.1232 val_pred=0.0424 latent_std=1.012 cos(h1)=0.999
2026-09-25 10:32:11 [INFO] [epoch 197] train=1.1152 val_pred=0.0424 latent_std=1.012 cos(h1)=0.999
2026-09-25 10:32:17 [INFO] [epoch 198] train=1.1133 val_pred=0.0424 latent_std=1.012 cos(h1)=0.999
2026-09-25 10:32:22 [INFO] [epoch 199] train=1.1234 val_pred=0.0424 latent_std=1.012 cos(h1)=0.999
2026-09-25 10:32:22 [INFO] Saved checkpoint to outputs\newton\20260919_201912\checkpoint.pt
