2026-09-25 11:03:54 [INFO] Logging to outputs\double_pendulum\20260919_093324\train.log
2026-09-25 15:00:23 [INFO] [epoch   0] train=12.2316 val_pred=0.0123 latent_std=0.832 cos(h1)=0.383
2026-09-25 15:00:24 [INFO] [epoch   1] train=4.9416 val_pred=0.0214 latent_std=1.018 cos(h1)=0.539
2026-09-25 15:00:25 [INFO] [epoch   2] train=2.2934 val_pred=0.0368 latent_std=1.070 cos(h1)=0.490
2026-09-25 15:00:27 [INFO] [epoch   3] train=1.7429 val_pred=0.0545 latent_std=1.064 cos(h1)=0.459
2026-09-25 15:00:28 [INFO] [epoch   4] train=2.1357 val_pred=0.0701 latent_std=1.128 cos(h1)=0.440
2026-09-25 15:00:29 [INFO] [epoch   5] train=1.8895 val_pred=0.0806 latent_std=1.129 cos(h1)=0.421
2026-09-25 15:00:30 [INFO] [epoch   6] train=1.8336 val_pred=0.0894 latent_std=1.244 cos(h1)=0.428
2026-09-25 15:00:31 [INFO] [epoch   7] train=2.3987 val_pred=0.0897 latent_std=1.053 cos(h1)=0.428
2026-09-25 15:00:32 [INFO] [epoch   8] train=1.9476 val_pred=0.0899 latent_std=1.162 cos(h1)=0.521
2026-09-25 15:00:33 [INFO] [epoch   9] train=1.8645 val_pred=0.0896 latent_std=1.071 cos(h1)=0.485
2026-09-25 15:00:34 [INFO] [epoch  10] train=2.1311 val_pred=0.0863 latent_std=1.137 cos(h1)=0.519
2026-09-25 15:00:35 [INFO] [epoch  11] train=1.9748 val_pred=0.0886 latent_std=1.104 cos(h1)=0.508
2026-09-25 15:00:36 [INFO] [epoch  12] train=1.8799 val_pred=0.0851 latent_std=1.051 cos(h1)=0.513
2026-09-25 15:00:38 [INFO] [epoch  13] train=1.6350 val_pred=0.0870 latent_std=1.067 cos(h1)=0.501
2026-09-25 15:00:39 [INFO] [epoch  14] train=1.7323 val_pred=0.0839 latent_std=0.983 cos(h1)=0.523
2026-09-25 15:00:40 [INFO] [epoch  15] train=1.7364 val_pred=0.0817 latent_std=1.040 cos(h1)=0.742
2026-09-25 15:00:41 [INFO] [epoch  16] train=1.8243 val_pred=0.0774 latent_std=1.044 cos(h1)=0.563
2026-09-25 15:00:42 [INFO] [epoch  17] train=1.6204 val_pred=0.0787 latent_std=0.943 cos(h1)=0.708
2026-09-25 15:00:43 [INFO] [epoch  18] train=1.4881 val_pred=0.0776 latent_std=1.045 cos(h1)=0.754
2026-09-25 15:00:44 [INFO] [epoch  19] train=1.6034 val_pred=0.0783 latent_std=1.052 cos(h1)=0.557
2026-09-25 15:00:45 [INFO] [epoch  20] train=1.4570 val_pred=0.0756 latent_std=1.049 cos(h1)=0.796
2026-09-25 15:00:47 [INFO] [epoch  21] train=2.0018 val_pred=0.0781 latent_std=1.170 cos(h1)=0.603
2026-09-25 15:00:48 [INFO] [epoch  22] train=1.8867 val_pred=0.0783 latent_std=1.128 cos(h1)=0.682
2026-09-25 15:00:49 [INFO] [epoch  23] train=1.6642 val_pred=0.0739 latent_std=1.016 cos(h1)=0.804
2026-09-25 15:00:50 [INFO] [epoch  24] train=1.5996 val_pred=0.0747 latent_std=0.948 cos(h1)=0.766
2026-09-25 15:00:51 [INFO] [epoch  25] train=1.4477 val_pred=0.0740 latent_std=0.967 cos(h1)=0.837
2026-09-25 15:00:52 [INFO] [epoch  26] train=1.7543 val_pred=0.0737 latent_std=0.925 cos(h1)=0.796
2026-09-25 15:00:53 [INFO] [epoch  27] train=1.8815 val_pred=0.0760 latent_std=0.953 cos(h1)=0.832
2026-09-25 15:00:54 [INFO] [epoch  28] train=1.4827 val_pred=0.0740 latent_std=0.973 cos(h1)=0.784
2026-09-25 15:00:55 [INFO] [epoch  29] train=1.5606 val_pred=0.0771 latent_std=1.066 cos(h1)=0.813
2026-09-25 15:00:56 [INFO] [epoch  30] train=1.7124 val_pred=0.0742 latent_std=1.023 cos(h1)=0.828
2026-09-25 15:00:57 [INFO] [epoch  31] train=1.6405 val_pred=0.0758 latent_std=1.147 cos(h1)=0.732
2026-09-25 15:00:58 [INFO] [epoch  32] train=1.6005 val_pred=0.0745 latent_std=1.046 cos(h1)=0.809
2026-09-25 15:00:59 [INFO] [epoch  33] train=1.6439 val_pred=0.0767 latent_std=1.106 cos(h1)=0.748
2026-09-25 15:01:00 [INFO] [epoch  34] train=1.5633 val_pred=0.0766 latent_std=1.074 cos(h1)=0.757
2026-09-25 15:01:01 [INFO] [epoch  35] train=1.7033 val_pred=0.0733 latent_std=1.106 cos(h1)=0.837
2026-09-25 15:01:02 [INFO] [epoch  36] train=2.3119 val_pred=0.0758 latent_std=1.204 cos(h1)=0.682
2026-09-25 15:01:03 [INFO] [epoch  37] train=1.7694 val_pred=0.0759 latent_std=1.056 cos(h1)=0.819
2026-09-25 15:01:04 [INFO] [epoch  38] train=1.6825 val_pred=0.0745 latent_std=1.094 cos(h1)=0.818
2026-09-25 15:01:06 [INFO] [epoch  39] train=1.6440 val_pred=0.0793 latent_std=1.131 cos(h1)=0.693
2026-09-25 15:01:07 [INFO] [epoch  40] train=1.7988 val_pred=0.0755 latent_std=1.070 cos(h1)=0.794
2026-09-25 15:01:08 [INFO] [epoch  41] train=1.6482 val_pred=0.0736 latent_std=1.031 cos(h1)=0.844
2026-09-25 15:01:09 [INFO] [epoch  42] train=1.4914 val_pred=0.0765 latent_std=0.979 cos(h1)=0.715
2026-09-25 15:01:10 [INFO] [epoch  43] train=1.4749 val_pred=0.0732 latent_std=1.004 cos(h1)=0.838
2026-09-25 15:01:11 [INFO] [epoch  44] train=1.7234 val_pred=0.0730 latent_std=1.051 cos(h1)=0.818
2026-09-25 15:01:12 [INFO] [epoch  45] train=1.6485 val_pred=0.0738 latent_std=1.005 cos(h1)=0.824
2026-09-25 15:01:13 [INFO] [epoch  46] train=1.7472 val_pred=0.0730 latent_std=0.981 cos(h1)=0.844
2026-09-25 15:01:14 [INFO] [epoch  47] train=1.6372 val_pred=0.0731 latent_std=1.096 cos(h1)=0.830
2026-09-25 15:01:15 [INFO] [epoch  48] train=1.8366 val_pred=0.0722 latent_std=0.989 cos(h1)=0.852
2026-09-25 15:01:16 [INFO] [epoch  49] train=2.0062 val_pred=0.0727 latent_std=0.968 cos(h1)=0.851
2026-09-25 15:01:17 [INFO] [epoch  50] train=1.4097 val_pred=0.0731 latent_std=0.974 cos(h1)=0.825
2026-09-25 15:01:18 [INFO] [epoch  51] train=1.6621 val_pred=0.0726 latent_std=0.976 cos(h1)=0.856
2026-09-25 15:01:19 [INFO] [epoch  52] train=1.8064 val_pred=0.0739 latent_std=0.869 cos(h1)=0.836
2026-09-25 15:01:20 [INFO] [epoch  53] train=1.7146 val_pred=0.0725 latent_std=0.982 cos(h1)=0.866
2026-09-25 15:01:21 [INFO] [epoch  54] train=1.5760 val_pred=0.0764 latent_std=0.999 cos(h1)=0.811
2026-09-25 15:01:22 [INFO] [epoch  55] train=1.4334 val_pred=0.0739 latent_std=1.032 cos(h1)=0.839
2026-09-25 15:01:23 [INFO] [epoch  56] train=1.5330 val_pred=0.0737 latent_std=0.952 cos(h1)=0.846
2026-09-25 15:01:24 [INFO] [epoch  57] train=2.0859 val_pred=0.0731 latent_std=0.928 cos(h1)=0.837
2026-09-25 15:01:25 [INFO] [epoch  58] train=1.5056 val_pred=0.0729 latent_std=0.947 cos(h1)=0.854
2026-09-25 15:01:27 [INFO] [epoch  59] train=1.5230 val_pred=0.0734 latent_std=0.994 cos(h1)=0.846
2026-09-25 15:01:28 [INFO] [epoch  60] train=1.3760 val_pred=0.0736 latent_std=0.944 cos(h1)=0.848
2026-09-25 15:01:29 [INFO] [epoch  61] train=1.7856 val_pred=0.0731 latent_std=0.983 cos(h1)=0.848
2026-09-25 15:01:30 [INFO] [epoch  62] train=1.3958 val_pred=0.0724 latent_std=0.992 cos(h1)=0.862
2026-09-25 15:01:31 [INFO] [epoch  63] train=1.5446 val_pred=0.0736 latent_std=1.017 cos(h1)=0.806
2026-09-25 15:01:32 [INFO] [epoch  64] train=1.6791 val_pred=0.0729 latent_std=0.945 cos(h1)=0.850
2026-09-25 15:01:33 [INFO] [epoch  65] train=1.5065 val_pred=0.0722 latent_std=1.065 cos(h1)=0.861
2026-09-25 15:01:34 [INFO] [epoch  66] train=1.9582 val_pred=0.0723 latent_std=0.920 cos(h1)=0.859
2026-09-25 15:01:35 [INFO] [epoch  67] train=2.2281 val_pred=0.0727 latent_std=0.982 cos(h1)=0.849
2026-09-25 15:01:36 [INFO] [epoch  68] train=1.4435 val_pred=0.0740 latent_std=0.969 cos(h1)=0.859
2026-09-25 15:01:37 [INFO] [epoch  69] train=1.4727 val_pred=0.0744 latent_std=0.904 cos(h1)=0.854
2026-09-25 15:01:38 [INFO] [epoch  70] train=1.9381 val_pred=0.0762 latent_std=1.058 cos(h1)=0.820
2026-09-25 15:01:39 [INFO] [epoch  71] train=1.6437 val_pred=0.0741 latent_std=1.202 cos(h1)=0.844
2026-09-25 15:01:40 [INFO] [epoch  72] train=2.1403 val_pred=0.0733 latent_std=1.067 cos(h1)=0.841
2026-09-25 15:01:41 [INFO] [epoch  73] train=2.3305 val_pred=0.0731 latent_std=0.951 cos(h1)=0.860
2026-09-25 15:01:42 [INFO] [epoch  74] train=2.1471 val_pred=0.0723 latent_std=1.121 cos(h1)=0.851
2026-09-25 15:01:43 [INFO] [epoch  75] train=1.8441 val_pred=0.0732 latent_std=0.921 cos(h1)=0.851
2026-09-25 15:01:45 [INFO] [epoch  76] train=1.6923 val_pred=0.0748 latent_std=0.970 cos(h1)=0.823
2026-09-25 15:01:46 [INFO] [epoch  77] train=1.4224 val_pred=0.0730 latent_std=1.011 cos(h1)=0.845
2026-09-25 15:01:47 [INFO] [epoch  78] train=1.2602 val_pred=0.0731 latent_std=1.071 cos(h1)=0.852
2026-09-25 15:01:48 [INFO] [epoch  79] train=1.6935 val_pred=0.0731 latent_std=1.034 cos(h1)=0.838
2026-09-25 15:01:49 [INFO] [epoch  80] train=1.3228 val_pred=0.0723 latent_std=0.987 cos(h1)=0.858
2026-09-25 15:01:50 [INFO] [epoch  81] train=1.3028 val_pred=0.0723 latent_std=1.026 cos(h1)=0.852
2026-09-25 15:01:51 [INFO] [epoch  82] train=1.2655 val_pred=0.0724 latent_std=0.973 cos(h1)=0.855
2026-09-25 15:01:52 [INFO] [epoch  83] train=1.5246 val_pred=0.0724 latent_std=0.949 cos(h1)=0.863
2026-09-25 15:01:53 [INFO] [epoch  84] train=1.3713 val_pred=0.0732 latent_std=0.993 cos(h1)=0.825
2026-09-25 15:01:54 [INFO] [epoch  85] train=1.4364 val_pred=0.0726 latent_std=0.977 cos(h1)=0.866
2026-09-25 15:01:55 [INFO] [epoch  86] train=1.3011 val_pred=0.0724 latent_std=1.100 cos(h1)=0.855
2026-09-25 15:01:56 [INFO] [epoch  87] train=1.5710 val_pred=0.0730 latent_std=1.067 cos(h1)=0.841
2026-09-25 15:01:57 [INFO] [epoch  88] train=1.6755 val_pred=0.0725 latent_std=0.962 cos(h1)=0.850
2026-09-25 15:01:58 [INFO] [epoch  89] train=1.7089 val_pred=0.0727 latent_std=0.972 cos(h1)=0.866
2026-09-25 15:01:59 [INFO] [epoch  90] train=1.5310 val_pred=0.0744 latent_std=1.074 cos(h1)=0.828
2026-09-25 15:02:00 [INFO] [epoch  91] train=1.5315 val_pred=0.0737 latent_std=0.978 cos(h1)=0.855
2026-09-25 15:02:02 [INFO] [epoch  92] train=1.3628 val_pred=0.0748 latent_std=1.030 cos(h1)=0.857
2026-09-25 15:02:03 [INFO] [epoch  93] train=1.6384 val_pred=0.0761 latent_std=1.171 cos(h1)=0.759
2026-09-25 15:02:04 [INFO] [epoch  94] train=1.9340 val_pred=0.0726 latent_std=0.963 cos(h1)=0.842
2026-09-25 15:02:05 [INFO] [epoch  95] train=1.7601 val_pred=0.0724 latent_std=0.947 cos(h1)=0.859
2026-09-25 15:02:06 [INFO] [epoch  96] train=1.6446 val_pred=0.0741 latent_std=1.074 cos(h1)=0.836
2026-09-25 15:02:07 [INFO] [epoch  97] train=1.5130 val_pred=0.0754 latent_std=0.986 cos(h1)=0.833
2026-09-25 15:02:08 [INFO] [epoch  98] train=1.3558 val_pred=0.0720 latent_std=1.000 cos(h1)=0.855
2026-09-25 15:02:09 [INFO] [epoch  99] train=1.3230 val_pred=0.0725 latent_std=0.940 cos(h1)=0.864
2026-09-25 15:02:10 [INFO] [epoch 100] train=1.5602 val_pred=0.0720 latent_std=0.979 cos(h1)=0.867
2026-09-25 15:02:11 [INFO] [epoch 101] train=1.4684 val_pred=0.0772 latent_std=1.030 cos(h1)=0.828
2026-09-25 15:02:12 [INFO] [epoch 102] train=1.3796 val_pred=0.0725 latent_std=1.068 cos(h1)=0.851
2026-09-25 15:02:13 [INFO] [epoch 103] train=1.4468 val_pred=0.0745 latent_std=1.008 cos(h1)=0.852
2026-09-25 15:02:14 [INFO] [epoch 104] train=1.4480 val_pred=0.0747 latent_std=0.993 cos(h1)=0.808
2026-09-25 15:02:15 [INFO] [epoch 105] train=1.3840 val_pred=0.0732 latent_std=0.988 cos(h1)=0.843
2026-09-25 15:02:16 [INFO] [epoch 106] train=1.2838 val_pred=0.0728 latent_std=1.010 cos(h1)=0.857
2026-09-25 15:02:17 [INFO] [epoch 107] train=1.3819 val_pred=0.0723 latent_std=0.956 cos(h1)=0.845
2026-09-25 15:02:18 [INFO] [epoch 108] train=1.5237 val_pred=0.0745 latent_std=0.980 cos(h1)=0.845
2026-09-25 15:02:19 [INFO] [epoch 109] train=1.4749 val_pred=0.0735 latent_std=0.983 cos(h1)=0.860
2026-09-25 15:02:20 [INFO] [epoch 110] train=1.3794 val_pred=0.0771 latent_std=1.081 cos(h1)=0.830
2026-09-25 15:02:21 [INFO] [epoch 111] train=1.7141 val_pred=0.0727 latent_std=1.032 cos(h1)=0.822
2026-09-25 15:02:22 [INFO] [epoch 112] train=1.4576 val_pred=0.0725 latent_std=1.029 cos(h1)=0.849
2026-09-25 15:02:24 [INFO] [epoch 113] train=1.4581 val_pred=0.0730 latent_std=1.015 cos(h1)=0.856
2026-09-25 15:02:25 [INFO] [epoch 114] train=1.3504 val_pred=0.0723 latent_std=1.056 cos(h1)=0.843
2026-09-25 15:02:26 [INFO] [epoch 115] train=1.6271 val_pred=0.0722 latent_std=0.930 cos(h1)=0.857
2026-09-25 15:02:27 [INFO] [epoch 116] train=1.6834 val_pred=0.0723 latent_std=0.973 cos(h1)=0.853
2026-09-25 15:02:28 [INFO] [epoch 117] train=1.6194 val_pred=0.0742 latent_std=1.024 cos(h1)=0.852
2026-09-25 15:02:29 [INFO] [epoch 118] train=1.2526 val_pred=0.0738 latent_std=1.022 cos(h1)=0.851
2026-09-25 15:02:30 [INFO] [epoch 119] train=1.3945 val_pred=0.0716 latent_std=1.006 cos(h1)=0.849
2026-09-25 15:02:31 [INFO] [epoch 120] train=1.5219 val_pred=0.0715 latent_std=0.977 cos(h1)=0.860
2026-09-25 15:02:32 [INFO] [epoch 121] train=1.7973 val_pred=0.0723 latent_std=1.033 cos(h1)=0.859
2026-09-25 15:02:33 [INFO] [epoch 122] train=1.7447 val_pred=0.0737 latent_std=1.206 cos(h1)=0.833
2026-09-25 15:02:34 [INFO] [epoch 123] train=1.9561 val_pred=0.0717 latent_std=0.919 cos(h1)=0.861
2026-09-25 15:02:35 [INFO] [epoch 124] train=1.4373 val_pred=0.0716 latent_std=0.985 cos(h1)=0.852
2026-09-25 15:02:36 [INFO] [epoch 125] train=1.5091 val_pred=0.0714 latent_std=1.159 cos(h1)=0.831
2026-09-25 15:02:37 [INFO] [epoch 126] train=1.9328 val_pred=0.0718 latent_std=0.898 cos(h1)=0.856
2026-09-25 15:02:38 [INFO] [epoch 127] train=1.7481 val_pred=0.0718 latent_std=1.090 cos(h1)=0.837
2026-09-25 15:02:39 [INFO] [epoch 128] train=1.6640 val_pred=0.0708 latent_std=1.089 cos(h1)=0.822
2026-09-25 15:02:40 [INFO] [epoch 129] train=1.6280 val_pred=0.0729 latent_std=0.941 cos(h1)=0.833
2026-09-25 15:02:41 [INFO] [epoch 130] train=1.5676 val_pred=0.0725 latent_std=1.028 cos(h1)=0.836
2026-09-25 15:02:42 [INFO] [epoch 131] train=1.5004 val_pred=0.0728 latent_std=1.006 cos(h1)=0.809
2026-09-25 15:02:44 [INFO] [epoch 132] train=1.4237 val_pred=0.0724 latent_std=0.958 cos(h1)=0.820
2026-09-25 15:02:45 [INFO] [epoch 133] train=1.4215 val_pred=0.0724 latent_std=0.996 cos(h1)=0.838
2026-09-25 15:02:46 [INFO] [epoch 134] train=1.3330 val_pred=0.0724 latent_std=1.025 cos(h1)=0.828
2026-09-25 15:02:47 [INFO] [epoch 135] train=1.2536 val_pred=0.0699 latent_std=0.991 cos(h1)=0.806
2026-09-25 15:02:48 [INFO] [epoch 136] train=1.3749 val_pred=0.0692 latent_std=1.120 cos(h1)=0.788
2026-09-25 15:02:49 [INFO] [epoch 137] train=1.3214 val_pred=0.0686 latent_std=1.000 cos(h1)=0.831
2026-09-25 15:02:50 [INFO] [epoch 138] train=0.9247 val_pred=0.0722 latent_std=1.087 cos(h1)=0.732
2026-09-25 15:02:51 [INFO] [epoch 139] train=0.8216 val_pred=0.0707 latent_std=1.168 cos(h1)=0.812
2026-09-25 15:02:52 [INFO] [epoch 140] train=0.8026 val_pred=0.0701 latent_std=1.081 cos(h1)=0.840
2026-09-25 15:02:53 [INFO] [epoch 141] train=0.7701 val_pred=0.0681 latent_std=1.096 cos(h1)=0.844
2026-09-25 15:02:54 [INFO] [epoch 142] train=0.8008 val_pred=0.0692 latent_std=1.106 cos(h1)=0.824
2026-09-25 15:02:55 [INFO] [epoch 143] train=0.8740 val_pred=0.0673 latent_std=1.168 cos(h1)=0.837
2026-09-25 15:02:56 [INFO] [epoch 144] train=0.7491 val_pred=0.0689 latent_std=1.189 cos(h1)=0.797
2026-09-25 15:02:57 [INFO] [epoch 145] train=0.7217 val_pred=0.0688 latent_std=1.132 cos(h1)=0.826
2026-09-25 15:02:58 [INFO] [epoch 146] train=0.7288 val_pred=0.0678 latent_std=1.244 cos(h1)=0.848
2026-09-25 15:02:59 [INFO] [epoch 147] train=0.7681 val_pred=0.0681 latent_std=1.121 cos(h1)=0.858
2026-09-25 15:03:01 [INFO] [epoch 148] train=0.7067 val_pred=0.0690 latent_std=1.173 cos(h1)=0.839
2026-09-25 15:03:02 [INFO] [epoch 149] train=0.7170 val_pred=0.0678 latent_std=1.125 cos(h1)=0.836
2026-09-25 15:03:03 [INFO] [epoch 150] train=0.7059 val_pred=0.0685 latent_std=1.112 cos(h1)=0.830
2026-09-25 15:03:04 [INFO] [epoch 151] train=0.7262 val_pred=0.0676 latent_std=1.157 cos(h1)=0.862
2026-09-25 15:03:05 [INFO] [epoch 152] train=0.7021 val_pred=0.0672 latent_std=1.143 cos(h1)=0.859
2026-09-25 15:03:06 [INFO] [epoch 153] train=0.6523 val_pred=0.0678 latent_std=1.080 cos(h1)=0.845
2026-09-25 15:03:07 [INFO] [epoch 154] train=0.6813 val_pred=0.0671 latent_std=1.182 cos(h1)=0.854
2026-09-25 15:03:08 [INFO] [epoch 155] train=0.7653 val_pred=0.0673 latent_std=1.125 cos(h1)=0.855
2026-09-25 15:03:09 [INFO] [epoch 156] train=0.7191 val_pred=0.0671 latent_std=1.190 cos(h1)=0.852
2026-09-25 15:03:10 [INFO] [epoch 157] train=0.7571 val_pred=0.0669 latent_std=1.196 cos(h1)=0.852
2026-09-25 15:03:11 [INFO] [epoch 158] train=0.7312 val_pred=0.0679 latent_std=1.094 cos(h1)=0.861
2026-09-25 15:03:12 [INFO] [epoch 159] train=0.7001 val_pred=0.0667 latent_std=1.223 cos(h1)=0.853
2026-09-25 15:03:13 [INFO] [epoch 160] train=0.7419 val_pred=0.0671 latent_std=1.121 cos(h1)=0.866
2026-09-25 15:03:14 [INFO] [epoch 161] train=0.7368 val_pred=0.0687 latent_std=1.170 cos(h1)=0.852
2026-09-25 15:03:15 [INFO] [epoch 162] train=0.6568 val_pred=0.0671 latent_std=1.124 cos(h1)=0.867
2026-09-25 15:03:16 [INFO] [epoch 163] train=0.8335 val_pred=0.0680 latent_std=1.197 cos(h1)=0.863
2026-09-25 15:03:17 [INFO] [epoch 164] train=0.7569 val_pred=0.0672 latent_std=1.102 cos(h1)=0.865
2026-09-25 15:03:18 [INFO] [epoch 165] train=0.6557 val_pred=0.0672 latent_std=1.092 cos(h1)=0.859
2026-09-25 15:03:19 [INFO] [epoch 166] train=0.7450 val_pred=0.0669 latent_std=1.175 cos(h1)=0.859
2026-09-25 15:03:20 [INFO] [epoch 167] train=0.7443 val_pred=0.0671 latent_std=1.105 cos(h1)=0.861
2026-09-25 15:03:22 [INFO] [epoch 168] train=0.6825 val_pred=0.0668 latent_std=1.142 cos(h1)=0.861
2026-09-25 15:03:23 [INFO] [epoch 169] train=0.6839 val_pred=0.0679 latent_std=1.069 cos(h1)=0.862
2026-09-25 15:03:24 [INFO] [epoch 170] train=0.7352 val_pred=0.0672 latent_std=1.143 cos(h1)=0.862
2026-09-25 15:03:25 [INFO] [epoch 171] train=0.7059 val_pred=0.0681 latent_std=1.056 cos(h1)=0.864
2026-09-25 15:03:26 [INFO] [epoch 172] train=0.7469 val_pred=0.0675 latent_std=1.164 cos(h1)=0.856
2026-09-25 15:03:27 [INFO] [epoch 173] train=0.7302 val_pred=0.0676 latent_std=1.051 cos(h1)=0.863
2026-09-25 15:03:28 [INFO] [epoch 174] train=0.7388 val_pred=0.0667 latent_std=1.162 cos(h1)=0.863
2026-09-25 15:03:29 [INFO] [epoch 175] train=0.6965 val_pred=0.0670 latent_std=1.128 cos(h1)=0.858
2026-09-25 15:03:30 [INFO] [epoch 176] train=0.6336 val_pred=0.0682 latent_std=1.092 cos(h1)=0.859
2026-09-25 15:03:31 [INFO] [epoch 177] train=0.7134 val_pred=0.0670 latent_std=1.143 cos(h1)=0.860
2026-09-25 15:03:32 [INFO] [epoch 178] train=0.6861 val_pred=0.0669 latent_std=1.095 cos(h1)=0.861
2026-09-25 15:03:33 [INFO] [epoch 179] train=0.6093 val_pred=0.0671 latent_std=1.080 cos(h1)=0.861
2026-09-25 15:03:34 [INFO] [epoch 180] train=0.6381 val_pred=0.0679 latent_std=1.084 cos(h1)=0.862
2026-09-25 15:03:35 [INFO] [epoch 181] train=0.6484 val_pred=0.0681 latent_std=1.065 cos(h1)=0.867
2026-09-25 15:03:36 [INFO] [epoch 182] train=0.6994 val_pred=0.0671 latent_std=1.124 cos(h1)=0.863
2026-09-25 15:03:37 [INFO] [epoch 183] train=0.6663 val_pred=0.0673 latent_std=1.106 cos(h1)=0.856
2026-09-25 15:03:38 [INFO] [epoch 184] train=0.6221 val_pred=0.0669 latent_std=1.071 cos(h1)=0.861
2026-09-25 15:03:39 [INFO] [epoch 185] train=0.6643 val_pred=0.0676 latent_std=1.102 cos(h1)=0.856
2026-09-25 15:03:40 [INFO] [epoch 186] train=0.6030 val_pred=0.0672 latent_std=1.041 cos(h1)=0.863
2026-09-25 15:03:41 [INFO] [epoch 187] train=0.6330 val_pred=0.0678 latent_std=1.064 cos(h1)=0.860
2026-09-25 15:03:42 [INFO] [epoch 188] train=0.6336 val_pred=0.0674 latent_std=1.005 cos(h1)=0.866
2026-09-25 15:03:44 [INFO] [epoch 189] train=0.6416 val_pred=0.0680 latent_std=1.099 cos(h1)=0.858
2026-09-25 15:03:45 [INFO] [epoch 190] train=0.6262 val_pred=0.0681 latent_std=1.033 cos(h1)=0.866
2026-09-25 15:03:46 [INFO] [epoch 191] train=0.5845 val_pred=0.0677 latent_std=1.052 cos(h1)=0.866
2026-09-25 15:03:47 [INFO] [epoch 192] train=0.5773 val_pred=0.0675 latent_std=1.008 cos(h1)=0.865
2026-09-25 15:03:48 [INFO] [epoch 193] train=0.5714 val_pred=0.0675 latent_std=1.049 cos(h1)=0.859
2026-09-25 15:03:49 [INFO] [epoch 194] train=0.5221 val_pred=0.0677 latent_std=0.996 cos(h1)=0.862
2026-09-25 15:03:50 [INFO] [epoch 195] train=0.6216 val_pred=0.0677 latent_std=1.077 cos(h1)=0.859
2026-09-25 15:03:51 [INFO] [epoch 196] train=0.6175 val_pred=0.0680 latent_std=1.046 cos(h1)=0.865
2026-09-25 15:03:52 [INFO] [epoch 197] train=0.6049 val_pred=0.0681 latent_std=1.096 cos(h1)=0.862
2026-09-25 15:03:53 [INFO] [epoch 198] train=0.6596 val_pred=0.0675 latent_std=1.090 cos(h1)=0.861
2026-09-25 15:03:54 [INFO] [epoch 199] train=0.6260 val_pred=0.0677 latent_std=0.996 cos(h1)=0.863
2026-09-25 15:03:55 [INFO] [epoch 200] train=0.5644 val_pred=0.0687 latent_std=1.057 cos(h1)=0.854
2026-09-25 15:03:56 [INFO] [epoch 201] train=0.5673 val_pred=0.0677 latent_std=1.016 cos(h1)=0.866
2026-09-25 15:03:57 [INFO] [epoch 202] train=0.5876 val_pred=0.0673 latent_std=1.047 cos(h1)=0.860
2026-09-25 15:03:58 [INFO] [epoch 203] train=0.5026 val_pred=0.0681 latent_std=1.017 cos(h1)=0.864
2026-09-25 15:03:59 [INFO] [epoch 204] train=0.6581 val_pred=0.0673 latent_std=1.138 cos(h1)=0.861
2026-09-25 15:04:00 [INFO] [epoch 205] train=0.6938 val_pred=0.0675 latent_std=1.066 cos(h1)=0.855
2026-09-25 15:04:01 [INFO] [epoch 206] train=0.5737 val_pred=0.0674 latent_std=1.035 cos(h1)=0.862
2026-09-25 15:04:02 [INFO] [epoch 207] train=0.5235 val_pred=0.0679 latent_std=1.046 cos(h1)=0.857
2026-09-25 15:04:03 [INFO] [epoch 208] train=0.5394 val_pred=0.0672 latent_std=1.047 cos(h1)=0.863
2026-09-25 15:04:04 [INFO] [epoch 209] train=0.5495 val_pred=0.0672 latent_std=1.033 cos(h1)=0.861
2026-09-25 15:04:06 [INFO] [epoch 210] train=0.4912 val_pred=0.0676 latent_std=1.006 cos(h1)=0.858
2026-09-25 15:04:07 [INFO] [epoch 211] train=0.5066 val_pred=0.0673 latent_std=1.026 cos(h1)=0.864
2026-09-25 15:04:08 [INFO] [epoch 212] train=0.4949 val_pred=0.0671 latent_std=1.004 cos(h1)=0.863
2026-09-25 15:04:09 [INFO] [epoch 213] train=0.5444 val_pred=0.0676 latent_std=1.060 cos(h1)=0.860
2026-09-25 15:04:10 [INFO] [epoch 214] train=0.5309 val_pred=0.0676 latent_std=1.019 cos(h1)=0.867
2026-09-25 15:04:11 [INFO] [epoch 215] train=0.4994 val_pred=0.0672 latent_std=1.039 cos(h1)=0.864
2026-09-25 15:04:12 [INFO] [epoch 216] train=0.5575 val_pred=0.0672 latent_std=1.061 cos(h1)=0.859
2026-09-25 15:04:13 [INFO] [epoch 217] train=0.5228 val_pred=0.0675 latent_std=1.024 cos(h1)=0.863
2026-09-25 15:04:14 [INFO] [epoch 218] train=0.5302 val_pred=0.0668 latent_std=1.067 cos(h1)=0.865
2026-09-25 15:04:15 [INFO] [epoch 219] train=0.5894 val_pred=0.0668 latent_std=1.050 cos(h1)=0.865
2026-09-25 15:04:16 [INFO] [epoch 220] train=0.5303 val_pred=0.0674 latent_std=1.002 cos(h1)=0.865
2026-09-25 15:04:17 [INFO] [epoch 221] train=0.5539 val_pred=0.0669 latent_std=1.104 cos(h1)=0.857
2026-09-25 15:04:18 [INFO] [epoch 222] train=0.6273 val_pred=0.0668 latent_std=1.099 cos(h1)=0.861
2026-09-25 15:04:19 [INFO] [epoch 223] train=0.5634 val_pred=0.0675 latent_std=1.040 cos(h1)=0.869
2026-09-25 15:04:20 [INFO] [epoch 224] train=0.5293 val_pred=0.0668 latent_std=1.017 cos(h1)=0.863
2026-09-25 15:04:21 [INFO] [epoch 225] train=0.5058 val_pred=0.0667 latent_std=1.006 cos(h1)=0.863
2026-09-25 15:04:22 [INFO] [epoch 226] train=0.4908 val_pred=0.0673 latent_std=1.043 cos(h1)=0.861
2026-09-25 15:04:23 [INFO] [epoch 227] train=0.4905 val_pred=0.0668 latent_std=1.002 cos(h1)=0.863
2026-09-25 15:04:25 [INFO] [epoch 228] train=0.5167 val_pred=0.0667 latent_std=1.042 cos(h1)=0.866
2026-09-25 15:04:26 [INFO] [epoch 229] train=0.5077 val_pred=0.0671 latent_std=1.025 cos(h1)=0.864
2026-09-25 15:04:27 [INFO] [epoch 230] train=0.5421 val_pred=0.0666 latent_std=1.028 cos(h1)=0.865
2026-09-25 15:04:28 [INFO] [epoch 231] train=0.4893 val_pred=0.0668 latent_std=1.017 cos(h1)=0.866
2026-09-25 15:04:29 [INFO] [epoch 232] train=0.5116 val_pred=0.0667 latent_std=1.050 cos(h1)=0.861
2026-09-25 15:04:30 [INFO] [epoch 233] train=0.5054 val_pred=0.0667 latent_std=1.028 cos(h1)=0.869
2026-09-25 15:04:31 [INFO] [epoch 234] train=0.5158 val_pred=0.0665 latent_std=1.020 cos(h1)=0.867
2026-09-25 15:04:32 [INFO] [epoch 235] train=0.5298 val_pred=0.0664 latent_std=1.040 cos(h1)=0.864
2026-09-25 15:04:33 [INFO] [epoch 236] train=0.4995 val_pred=0.0669 latent_std=1.028 cos(h1)=0.864
2026-09-25 15:04:34 [INFO] [epoch 237] train=0.5001 val_pred=0.0664 latent_std=1.030 cos(h1)=0.862
2026-09-25 15:04:35 [INFO] [epoch 238] train=0.4771 val_pred=0.0667 latent_std=1.021 cos(h1)=0.870
2026-09-25 15:04:36 [INFO] [epoch 239] train=0.4855 val_pred=0.0668 latent_std=1.029 cos(h1)=0.865
2026-09-25 15:04:37 [INFO] [epoch 240] train=0.4737 val_pred=0.0667 latent_std=1.020 cos(h1)=0.868
2026-09-25 15:04:38 [INFO] [epoch 241] train=0.5492 val_pred=0.0666 latent_std=1.022 cos(h1)=0.866
2026-09-25 15:04:39 [INFO] [epoch 242] train=0.5863 val_pred=0.0664 latent_std=1.062 cos(h1)=0.864
2026-09-25 15:04:40 [INFO] [epoch 243] train=0.5444 val_pred=0.0665 latent_std=1.046 cos(h1)=0.866
2026-09-25 15:04:41 [INFO] [epoch 244] train=0.5560 val_pred=0.0665 latent_std=1.030 cos(h1)=0.866
2026-09-25 15:04:43 [INFO] [epoch 245] train=0.5202 val_pred=0.0667 latent_std=1.038 cos(h1)=0.867
2026-09-25 15:04:44 [INFO] [epoch 246] train=0.4886 val_pred=0.0665 latent_std=1.021 cos(h1)=0.866
2026-09-25 15:04:45 [INFO] [epoch 247] train=0.4748 val_pred=0.0665 latent_std=1.009 cos(h1)=0.869
2026-09-25 15:04:46 [INFO] [epoch 248] train=0.5170 val_pred=0.0663 latent_std=1.032 cos(h1)=0.866
2026-09-25 15:04:47 [INFO] [epoch 249] train=0.4896 val_pred=0.0665 latent_std=1.033 cos(h1)=0.868
2026-09-25 15:04:48 [INFO] [epoch 250] train=0.4934 val_pred=0.0666 latent_std=1.018 cos(h1)=0.866
2026-09-25 15:04:49 [INFO] [epoch 251] train=0.4887 val_pred=0.0665 latent_std=1.032 cos(h1)=0.865
2026-09-25 15:04:50 [INFO] [epoch 252] train=0.4794 val_pred=0.0664 latent_std=1.015 cos(h1)=0.868
2026-09-25 15:04:51 [INFO] [epoch 253] train=0.5200 val_pred=0.0664 latent_std=1.021 cos(h1)=0.867
2026-09-25 15:04:52 [INFO] [epoch 254] train=0.4882 val_pred=0.0664 latent_std=1.024 cos(h1)=0.866
2026-09-25 15:04:53 [INFO] [epoch 255] train=0.4796 val_pred=0.0666 latent_std=1.039 cos(h1)=0.865
2026-09-25 15:04:54 [INFO] [epoch 256] train=0.5030 val_pred=0.0663 latent_std=1.041 cos(h1)=0.865
2026-09-25 15:04:55 [INFO] [epoch 257] train=0.5151 val_pred=0.0664 latent_std=1.028 cos(h1)=0.869
2026-09-25 15:04:56 [INFO] [epoch 258] train=0.5104 val_pred=0.0664 latent_std=1.028 cos(h1)=0.869
2026-09-25 15:04:57 [INFO] [epoch 259] train=0.4952 val_pred=0.0665 latent_std=1.026 cos(h1)=0.867
2026-09-25 15:04:58 [INFO] [epoch 260] train=0.5156 val_pred=0.0663 latent_std=1.025 cos(h1)=0.868
2026-09-25 15:04:59 [INFO] [epoch 261] train=0.4642 val_pred=0.0665 latent_std=1.010 cos(h1)=0.869
2026-09-25 15:05:00 [INFO] [epoch 262] train=0.5176 val_pred=0.0664 latent_std=1.024 cos(h1)=0.866
2026-09-25 15:05:01 [INFO] [epoch 263] train=0.5009 val_pred=0.0665 latent_std=1.035 cos(h1)=0.866
2026-09-25 15:05:02 [INFO] [epoch 264] train=0.4975 val_pred=0.0665 latent_std=1.031 cos(h1)=0.866
2026-09-25 15:05:03 [INFO] [epoch 265] train=0.4779 val_pred=0.0664 latent_std=1.026 cos(h1)=0.867
2026-09-25 15:05:04 [INFO] [epoch 266] train=0.4905 val_pred=0.0664 latent_std=1.023 cos(h1)=0.868
2026-09-25 15:05:05 [INFO] [epoch 267] train=0.4691 val_pred=0.0664 latent_std=1.016 cos(h1)=0.868
2026-09-25 15:05:06 [INFO] [epoch 268] train=0.4811 val_pred=0.0664 latent_std=1.009 cos(h1)=0.869
2026-09-25 15:05:07 [INFO] [epoch 269] train=0.4780 val_pred=0.0663 latent_std=1.022 cos(h1)=0.867
2026-09-25 15:05:09 [INFO] [epoch 270] train=0.4972 val_pred=0.0665 latent_std=1.023 cos(h1)=0.868
2026-09-25 15:05:10 [INFO] [epoch 271] train=0.4991 val_pred=0.0665 latent_std=1.023 cos(h1)=0.867
2026-09-25 15:05:11 [INFO] [epoch 272] train=0.4667 val_pred=0.0665 latent_std=1.016 cos(h1)=0.867
2026-09-25 15:05:12 [INFO] [epoch 273] train=0.4779 val_pred=0.0665 latent_std=1.009 cos(h1)=0.868
2026-09-25 15:05:13 [INFO] [epoch 274] train=0.4784 val_pred=0.0665 latent_std=1.010 cos(h1)=0.868
2026-09-25 15:05:14 [INFO] [epoch 275] train=0.5172 val_pred=0.0663 latent_std=1.019 cos(h1)=0.867
2026-09-25 15:05:15 [INFO] [epoch 276] train=0.4644 val_pred=0.0663 latent_std=1.024 cos(h1)=0.867
2026-09-25 15:05:16 [INFO] [epoch 277] train=0.4774 val_pred=0.0664 latent_std=1.023 cos(h1)=0.868
2026-09-25 15:05:17 [INFO] [epoch 278] train=0.4975 val_pred=0.0664 latent_std=1.021 cos(h1)=0.868
2026-09-25 15:05:18 [INFO] [epoch 279] train=0.4775 val_pred=0.0664 latent_std=1.023 cos(h1)=0.867
2026-09-25 15:05:19 [INFO] [epoch 280] train=0.4708 val_pred=0.0664 latent_std=1.021 cos(h1)=0.867
2026-09-25 15:05:20 [INFO] [epoch 281] train=0.4567 val_pred=0.0664 latent_std=1.016 cos(h1)=0.868
2026-09-25 15:05:21 [INFO] [epoch 282] train=0.4762 val_pred=0.0664 latent_std=1.015 cos(h1)=0.868
2026-09-25 15:05:22 [INFO] [epoch 283] train=0.4923 val_pred=0.0664 latent_std=1.015 cos(h1)=0.868
2026-09-25 15:05:23 [INFO] [epoch 284] train=0.5417 val_pred=0.0664 latent_std=1.020 cos(h1)=0.867
2026-09-25 15:05:24 [INFO] [epoch 285] train=0.4865 val_pred=0.0664 latent_std=1.023 cos(h1)=0.867
2026-09-25 15:05:25 [INFO] [epoch 286] train=0.5055 val_pred=0.0664 latent_std=1.023 cos(h1)=0.867
2026-09-25 15:05:26 [INFO] [epoch 287] train=0.4902 val_pred=0.0664 latent_std=1.022 cos(h1)=0.867
2026-09-25 15:05:28 [INFO] [epoch 288] train=0.5284 val_pred=0.0664 latent_std=1.023 cos(h1)=0.867
2026-09-25 15:05:29 [INFO] [epoch 289] train=0.4645 val_pred=0.0664 latent_std=1.023 cos(h1)=0.867
2026-09-25 15:05:30 [INFO] [epoch 290] train=0.4929 val_pred=0.0664 latent_std=1.022 cos(h1)=0.867
2026-09-25 15:05:31 [INFO] [epoch 291] train=0.4841 val_pred=0.0664 latent_std=1.021 cos(h1)=0.867
2026-09-25 15:05:32 [INFO] [epoch 292] train=0.5133 val_pred=0.0664 latent_std=1.021 cos(h1)=0.867
2026-09-25 15:05:33 [INFO] [epoch 293] train=0.4935 val_pred=0.0664 latent_std=1.021 cos(h1)=0.868
2026-09-25 15:05:34 [INFO] [epoch 294] train=0.4696 val_pred=0.0664 latent_std=1.021 cos(h1)=0.868
2026-09-25 15:05:35 [INFO] [epoch 295] train=0.4935 val_pred=0.0664 latent_std=1.021 cos(h1)=0.868
2026-09-25 15:05:36 [INFO] [epoch 296] train=0.4994 val_pred=0.0664 latent_std=1.021 cos(h1)=0.868
2026-09-25 15:05:37 [INFO] [epoch 297] train=0.4619 val_pred=0.0664 latent_std=1.021 cos(h1)=0.868
2026-09-25 15:05:38 [INFO] [epoch 298] train=0.4790 val_pred=0.0664 latent_std=1.021 cos(h1)=0.868
2026-09-25 15:05:39 [INFO] [epoch 299] train=0.5127 val_pred=0.0664 latent_std=1.021 cos(h1)=0.868
2026-09-25 15:05:39 [INFO] Saved checkpoint to outputs\double_pendulum\20260919_093324\checkpoint.pt
