2026-09-19 17:12:45 [INFO] Logging to outputs\pendulum\20260919_171240\train.log
2026-09-19 17:12:57 [INFO] [epoch   0] train=7.5847 val_pred=0.0000 latent_std=0.973 cos(h1)=0.971
2026-09-19 17:13:04 [INFO] [epoch   1] train=1.6871 val_pred=0.0002 latent_std=1.075 cos(h1)=0.962
2026-09-19 17:13:11 [INFO] [epoch   2] train=1.5007 val_pred=0.0007 latent_std=1.071 cos(h1)=0.966
2026-09-19 17:13:18 [INFO] [epoch   3] train=1.5853 val_pred=0.0016 latent_std=1.102 cos(h1)=0.971
2026-09-19 17:13:24 [INFO] [epoch   4] train=1.5320 val_pred=0.0025 latent_std=1.038 cos(h1)=0.976
2026-09-19 17:13:31 [INFO] [epoch   5] train=1.2618 val_pred=0.0034 latent_std=1.046 cos(h1)=0.979
2026-09-19 17:13:38 [INFO] [epoch   6] train=0.6032 val_pred=0.0040 latent_std=1.027 cos(h1)=0.981
2026-09-19 17:13:45 [INFO] [epoch   7] train=0.5973 val_pred=0.0044 latent_std=1.104 cos(h1)=0.981
2026-09-19 17:13:51 [INFO] [epoch   8] train=0.7327 val_pred=0.0046 latent_std=1.063 cos(h1)=0.982
2026-09-19 17:13:58 [INFO] [epoch   9] train=0.5965 val_pred=0.0042 latent_std=1.135 cos(h1)=0.982
2026-09-19 17:14:05 [INFO] [epoch  10] train=0.5519 val_pred=0.0042 latent_std=1.025 cos(h1)=0.982
2026-09-19 17:14:11 [INFO] [epoch  11] train=0.5831 val_pred=0.0047 latent_std=1.027 cos(h1)=0.981
2026-09-19 17:14:18 [INFO] [epoch  12] train=0.5711 val_pred=0.0044 latent_std=1.106 cos(h1)=0.982
2026-09-19 17:14:25 [INFO] [epoch  13] train=0.5551 val_pred=0.0042 latent_std=1.089 cos(h1)=0.983
2026-09-19 17:14:31 [INFO] [epoch  14] train=0.6207 val_pred=0.0044 latent_std=1.110 cos(h1)=0.981
2026-09-19 17:14:38 [INFO] [epoch  15] train=0.6365 val_pred=0.0047 latent_std=1.141 cos(h1)=0.983
2026-09-19 17:14:45 [INFO] [epoch  16] train=0.6876 val_pred=0.0049 latent_std=1.117 cos(h1)=0.982
2026-09-19 17:14:51 [INFO] [epoch  17] train=0.6348 val_pred=0.0045 latent_std=1.187 cos(h1)=0.982
2026-09-19 17:14:58 [INFO] [epoch  18] train=0.6178 val_pred=0.0048 latent_std=1.168 cos(h1)=0.983
2026-09-19 17:15:05 [INFO] [epoch  19] train=0.5450 val_pred=0.0047 latent_std=1.254 cos(h1)=0.982
2026-09-19 17:15:11 [INFO] [epoch  20] train=0.2416 val_pred=0.0044 latent_std=1.411 cos(h1)=0.981
2026-09-19 17:15:18 [INFO] [epoch  21] train=0.0395 val_pred=0.0039 latent_std=1.318 cos(h1)=0.984
2026-09-19 17:15:24 [INFO] [epoch  22] train=0.0177 val_pred=0.0039 latent_std=1.157 cos(h1)=0.984
2026-09-19 17:15:31 [INFO] [epoch  23] train=0.0275 val_pred=0.0038 latent_std=1.245 cos(h1)=0.984
2026-09-19 17:15:38 [INFO] [epoch  24] train=0.0293 val_pred=0.0039 latent_std=1.365 cos(h1)=0.985
2026-09-19 17:15:44 [INFO] [epoch  25] train=0.0268 val_pred=0.0053 latent_std=1.286 cos(h1)=0.982
2026-09-19 17:15:51 [INFO] [epoch  26] train=0.0423 val_pred=0.0039 latent_std=1.490 cos(h1)=0.984
2026-09-19 17:15:58 [INFO] [epoch  27] train=0.0313 val_pred=0.0039 latent_std=1.154 cos(h1)=0.984
2026-09-19 17:16:04 [INFO] [epoch  28] train=0.0250 val_pred=0.0038 latent_std=1.327 cos(h1)=0.985
2026-09-19 17:16:11 [INFO] [epoch  29] train=0.0304 val_pred=0.0038 latent_std=1.424 cos(h1)=0.984
2026-09-19 17:16:18 [INFO] [epoch  30] train=0.0342 val_pred=0.0041 latent_std=1.516 cos(h1)=0.983
2026-09-19 17:16:24 [INFO] [epoch  31] train=0.0395 val_pred=0.0040 latent_std=1.373 cos(h1)=0.983
2026-09-19 17:16:31 [INFO] [epoch  32] train=0.0274 val_pred=0.0038 latent_std=1.182 cos(h1)=0.985
2026-09-19 17:16:38 [INFO] [epoch  33] train=0.0427 val_pred=0.0038 latent_std=1.173 cos(h1)=0.985
2026-09-19 17:16:44 [INFO] [epoch  34] train=0.0326 val_pred=0.0038 latent_std=1.256 cos(h1)=0.985
2026-09-19 17:16:51 [INFO] [epoch  35] train=0.0416 val_pred=0.0039 latent_std=1.337 cos(h1)=0.984
2026-09-19 17:16:57 [INFO] [epoch  36] train=0.0360 val_pred=0.0038 latent_std=1.282 cos(h1)=0.985
2026-09-19 17:17:04 [INFO] [epoch  37] train=0.0268 val_pred=0.0037 latent_std=1.467 cos(h1)=0.984
2026-09-19 17:17:11 [INFO] [epoch  38] train=0.0305 val_pred=0.0039 latent_std=1.567 cos(h1)=0.985
2026-09-19 17:17:17 [INFO] [epoch  39] train=0.0429 val_pred=0.0040 latent_std=1.556 cos(h1)=0.984
2026-09-19 17:17:24 [INFO] [epoch  40] train=0.0359 val_pred=0.0055 latent_std=1.360 cos(h1)=0.981
2026-09-19 17:17:30 [INFO] [epoch  41] train=0.0351 val_pred=0.0038 latent_std=1.200 cos(h1)=0.985
2026-09-19 17:17:37 [INFO] [epoch  42] train=0.0350 val_pred=0.0037 latent_std=1.270 cos(h1)=0.984
2026-09-19 17:17:44 [INFO] [epoch  43] train=0.0334 val_pred=0.0037 latent_std=1.439 cos(h1)=0.985
2026-09-19 17:17:50 [INFO] [epoch  44] train=0.0347 val_pred=0.0038 latent_std=1.454 cos(h1)=0.985
2026-09-19 17:17:57 [INFO] [epoch  45] train=0.0398 val_pred=0.0037 latent_std=1.456 cos(h1)=0.985
2026-09-19 17:18:04 [INFO] [epoch  46] train=0.0345 val_pred=0.0038 latent_std=1.549 cos(h1)=0.984
2026-09-19 17:18:11 [INFO] [epoch  47] train=0.0375 val_pred=0.0041 latent_std=1.586 cos(h1)=0.983
2026-09-19 17:18:17 [INFO] [epoch  48] train=0.0397 val_pred=0.0040 latent_std=1.429 cos(h1)=0.985
2026-09-19 17:18:24 [INFO] [epoch  49] train=0.0338 val_pred=0.0045 latent_std=1.286 cos(h1)=0.985
2026-09-19 17:18:30 [INFO] [epoch  50] train=0.0343 val_pred=0.0037 latent_std=1.246 cos(h1)=0.985
2026-09-19 17:18:37 [INFO] [epoch  51] train=0.0418 val_pred=0.0049 latent_std=1.399 cos(h1)=0.984
2026-09-19 17:18:44 [INFO] [epoch  52] train=0.0372 val_pred=0.0037 latent_std=1.240 cos(h1)=0.985
2026-09-19 17:18:50 [INFO] [epoch  53] train=0.0294 val_pred=0.0039 latent_std=1.403 cos(h1)=0.983
2026-09-19 17:18:57 [INFO] [epoch  54] train=0.0369 val_pred=0.0039 latent_std=1.503 cos(h1)=0.984
2026-09-19 17:19:03 [INFO] [epoch  55] train=0.0525 val_pred=0.0038 latent_std=1.257 cos(h1)=0.984
2026-09-19 17:19:10 [INFO] [epoch  56] train=0.0415 val_pred=0.0037 latent_std=1.214 cos(h1)=0.985
2026-09-19 17:19:17 [INFO] [epoch  57] train=0.0333 val_pred=0.0038 latent_std=1.320 cos(h1)=0.985
2026-09-19 17:19:23 [INFO] [epoch  58] train=0.0331 val_pred=0.0041 latent_std=1.497 cos(h1)=0.982
2026-09-19 17:19:30 [INFO] [epoch  59] train=0.0595 val_pred=0.0040 latent_std=1.447 cos(h1)=0.983
2026-09-19 17:19:37 [INFO] [epoch  60] train=0.0359 val_pred=0.0037 latent_std=1.100 cos(h1)=0.985
2026-09-19 17:19:43 [INFO] [epoch  61] train=0.0323 val_pred=0.0038 latent_std=1.285 cos(h1)=0.985
2026-09-19 17:19:50 [INFO] [epoch  62] train=0.0423 val_pred=0.0042 latent_std=1.343 cos(h1)=0.982
2026-09-19 17:19:56 [INFO] [epoch  63] train=0.0447 val_pred=0.0039 latent_std=1.259 cos(h1)=0.985
2026-09-19 17:20:03 [INFO] [epoch  64] train=0.0417 val_pred=0.0040 latent_std=1.192 cos(h1)=0.985
2026-09-19 17:20:10 [INFO] [epoch  65] train=0.0415 val_pred=0.0038 latent_std=1.246 cos(h1)=0.985
2026-09-19 17:20:17 [INFO] [epoch  66] train=0.0327 val_pred=0.0038 latent_std=1.291 cos(h1)=0.985
2026-09-19 17:20:23 [INFO] [epoch  67] train=0.0330 val_pred=0.0042 latent_std=1.485 cos(h1)=0.984
2026-09-19 17:20:30 [INFO] [epoch  68] train=0.0370 val_pred=0.0040 latent_std=1.573 cos(h1)=0.985
2026-09-19 17:20:36 [INFO] [epoch  69] train=0.0414 val_pred=0.0044 latent_std=1.517 cos(h1)=0.985
2026-09-19 17:20:43 [INFO] [epoch  70] train=0.0208 val_pred=0.0037 latent_std=1.114 cos(h1)=0.985
2026-09-19 17:20:50 [INFO] [epoch  71] train=0.0279 val_pred=0.0037 latent_std=1.347 cos(h1)=0.985
2026-09-19 17:20:56 [INFO] [epoch  72] train=0.0290 val_pred=0.0046 latent_std=1.627 cos(h1)=0.984
2026-09-19 17:21:03 [INFO] [epoch  73] train=0.0455 val_pred=0.0048 latent_std=1.597 cos(h1)=0.985
2026-09-19 17:21:10 [INFO] [epoch  74] train=0.0385 val_pred=0.0043 latent_std=1.660 cos(h1)=0.985
2026-09-19 17:21:17 [INFO] [epoch  75] train=0.0259 val_pred=0.0037 latent_std=1.130 cos(h1)=0.985
2026-09-19 17:21:23 [INFO] [epoch  76] train=0.0236 val_pred=0.0037 latent_std=1.523 cos(h1)=0.985
2026-09-19 17:21:30 [INFO] [epoch  77] train=0.0343 val_pred=0.0045 latent_std=1.640 cos(h1)=0.984
2026-09-19 17:21:37 [INFO] [epoch  78] train=0.0467 val_pred=0.0050 latent_std=1.605 cos(h1)=0.985
2026-09-19 17:21:43 [INFO] [epoch  79] train=0.0360 val_pred=0.0040 latent_std=1.632 cos(h1)=0.984
2026-09-19 17:21:50 [INFO] [epoch  80] train=0.0281 val_pred=0.0037 latent_std=1.137 cos(h1)=0.985
2026-09-19 17:21:56 [INFO] [epoch  81] train=0.0255 val_pred=0.0038 latent_std=1.515 cos(h1)=0.984
2026-09-19 17:22:03 [INFO] [epoch  82] train=0.0332 val_pred=0.0057 latent_std=1.656 cos(h1)=0.985
2026-09-19 17:22:10 [INFO] [epoch  83] train=0.0305 val_pred=0.0042 latent_std=1.715 cos(h1)=0.983
2026-09-19 17:22:16 [INFO] [epoch  84] train=0.0385 val_pred=0.0052 latent_std=1.669 cos(h1)=0.980
2026-09-19 17:22:23 [INFO] [epoch  85] train=0.0386 val_pred=0.0067 latent_std=1.582 cos(h1)=0.982
2026-09-19 17:22:30 [INFO] [epoch  86] train=0.0490 val_pred=0.0063 latent_std=1.375 cos(h1)=0.983
2026-09-19 17:22:36 [INFO] [epoch  87] train=0.0269 val_pred=0.0039 latent_std=1.240 cos(h1)=0.985
2026-09-19 17:22:43 [INFO] [epoch  88] train=0.0275 val_pred=0.0037 latent_std=1.558 cos(h1)=0.985
2026-09-19 17:22:50 [INFO] [epoch  89] train=0.0186 val_pred=0.0038 latent_std=1.216 cos(h1)=0.985
2026-09-19 17:22:56 [INFO] [epoch  90] train=0.0253 val_pred=0.0039 latent_std=1.515 cos(h1)=0.985
2026-09-19 17:23:03 [INFO] [epoch  91] train=0.0313 val_pred=0.0049 latent_std=1.697 cos(h1)=0.983
2026-09-19 17:23:10 [INFO] [epoch  92] train=0.0270 val_pred=0.0038 latent_std=1.224 cos(h1)=0.985
2026-09-19 17:23:16 [INFO] [epoch  93] train=0.0283 val_pred=0.0041 latent_std=1.496 cos(h1)=0.984
2026-09-19 17:23:23 [INFO] [epoch  94] train=0.0375 val_pred=0.0067 latent_std=1.927 cos(h1)=0.967
2026-09-19 17:23:29 [INFO] [epoch  95] train=0.0524 val_pred=0.0037 latent_std=1.183 cos(h1)=0.983
2026-09-19 17:23:36 [INFO] [epoch  96] train=0.0544 val_pred=0.0049 latent_std=1.929 cos(h1)=0.983
2026-09-19 17:23:43 [INFO] [epoch  97] train=0.0405 val_pred=0.0045 latent_std=1.610 cos(h1)=0.982
2026-09-19 17:23:49 [INFO] [epoch  98] train=0.0295 val_pred=0.0036 latent_std=1.319 cos(h1)=0.985
2026-09-19 17:23:56 [INFO] [epoch  99] train=0.0215 val_pred=0.0043 latent_std=1.518 cos(h1)=0.982
2026-09-19 17:24:03 [INFO] [epoch 100] train=0.0234 val_pred=0.0037 latent_std=1.304 cos(h1)=0.985
2026-09-19 17:24:09 [INFO] [epoch 101] train=0.0152 val_pred=0.0049 latent_std=1.375 cos(h1)=0.983
2026-09-19 17:24:16 [INFO] [epoch 102] train=0.0206 val_pred=0.0037 latent_std=1.429 cos(h1)=0.985
2026-09-19 17:24:22 [INFO] [epoch 103] train=0.0173 val_pred=0.0036 latent_std=1.186 cos(h1)=0.985
2026-09-19 17:24:29 [INFO] [epoch 104] train=0.0240 val_pred=0.0048 latent_std=1.499 cos(h1)=0.982
2026-09-19 17:24:36 [INFO] [epoch 105] train=0.0180 val_pred=0.0038 latent_std=1.260 cos(h1)=0.985
2026-09-19 17:24:42 [INFO] [epoch 106] train=0.0236 val_pred=0.0038 latent_std=1.549 cos(h1)=0.985
2026-09-19 17:24:49 [INFO] [epoch 107] train=0.0161 val_pred=0.0037 latent_std=1.305 cos(h1)=0.985
2026-09-19 17:24:55 [INFO] [epoch 108] train=0.0112 val_pred=0.0042 latent_std=1.301 cos(h1)=0.985
2026-09-19 17:25:02 [INFO] [epoch 109] train=0.0249 val_pred=0.0038 latent_std=1.430 cos(h1)=0.985
2026-09-19 17:25:09 [INFO] [epoch 110] train=0.0121 val_pred=0.0036 latent_std=1.268 cos(h1)=0.985
2026-09-19 17:25:15 [INFO] [epoch 111] train=0.0186 val_pred=0.0039 latent_std=1.602 cos(h1)=0.984
2026-09-19 17:25:22 [INFO] [epoch 112] train=0.0212 val_pred=0.0036 latent_std=1.333 cos(h1)=0.985
2026-09-19 17:25:29 [INFO] [epoch 113] train=0.0229 val_pred=0.0042 latent_std=1.617 cos(h1)=0.984
2026-09-19 17:25:35 [INFO] [epoch 114] train=0.0192 val_pred=0.0037 latent_std=1.318 cos(h1)=0.985
2026-09-19 17:25:42 [INFO] [epoch 115] train=0.0110 val_pred=0.0036 latent_std=1.110 cos(h1)=0.985
2026-09-19 17:25:49 [INFO] [epoch 116] train=0.0201 val_pred=0.0038 latent_std=1.439 cos(h1)=0.985
2026-09-19 17:25:55 [INFO] [epoch 117] train=0.0146 val_pred=0.0037 latent_std=1.246 cos(h1)=0.985
2026-09-19 17:26:02 [INFO] [epoch 118] train=0.0090 val_pred=0.0037 latent_std=1.153 cos(h1)=0.985
2026-09-19 17:26:09 [INFO] [epoch 119] train=0.0246 val_pred=0.0037 latent_std=1.480 cos(h1)=0.985
2026-09-19 17:26:15 [INFO] [epoch 120] train=0.0129 val_pred=0.0037 latent_std=1.242 cos(h1)=0.985
2026-09-19 17:26:22 [INFO] [epoch 121] train=0.0221 val_pred=0.0038 latent_std=1.562 cos(h1)=0.985
2026-09-19 17:26:28 [INFO] [epoch 122] train=0.0142 val_pred=0.0037 latent_std=1.353 cos(h1)=0.985
2026-09-19 17:26:35 [INFO] [epoch 123] train=0.0226 val_pred=0.0045 latent_std=1.635 cos(h1)=0.983
2026-09-19 17:26:42 [INFO] [epoch 124] train=0.0191 val_pred=0.0037 latent_std=1.370 cos(h1)=0.985
2026-09-19 17:26:48 [INFO] [epoch 125] train=0.0119 val_pred=0.0036 latent_std=1.218 cos(h1)=0.985
2026-09-19 17:26:55 [INFO] [epoch 126] train=0.0177 val_pred=0.0046 latent_std=1.574 cos(h1)=0.981
2026-09-19 17:27:01 [INFO] [epoch 127] train=0.0177 val_pred=0.0037 latent_std=1.401 cos(h1)=0.985
2026-09-19 17:27:08 [INFO] [epoch 128] train=0.0112 val_pred=0.0037 latent_std=1.250 cos(h1)=0.985
2026-09-19 17:27:15 [INFO] [epoch 129] train=0.0078 val_pred=0.0037 latent_std=1.155 cos(h1)=0.985
2026-09-19 17:27:22 [INFO] [epoch 130] train=0.0385 val_pred=0.0040 latent_std=1.754 cos(h1)=0.983
2026-09-19 17:27:28 [INFO] [epoch 131] train=0.0214 val_pred=0.0037 latent_std=1.478 cos(h1)=0.985
2026-09-19 17:27:35 [INFO] [epoch 132] train=0.0128 val_pred=0.0036 latent_std=1.342 cos(h1)=0.985
2026-09-19 17:27:42 [INFO] [epoch 133] train=0.0214 val_pred=0.0040 latent_std=1.576 cos(h1)=0.984
2026-09-19 17:27:48 [INFO] [epoch 134] train=0.0173 val_pred=0.0036 latent_std=1.387 cos(h1)=0.985
2026-09-19 17:27:55 [INFO] [epoch 135] train=0.0111 val_pred=0.0036 latent_std=1.287 cos(h1)=0.985
2026-09-19 17:28:01 [INFO] [epoch 136] train=0.0099 val_pred=0.0036 latent_std=1.208 cos(h1)=0.985
2026-09-19 17:28:08 [INFO] [epoch 137] train=0.0080 val_pred=0.0036 latent_std=1.156 cos(h1)=0.985
2026-09-19 17:28:15 [INFO] [epoch 138] train=0.0069 val_pred=0.0036 latent_std=1.118 cos(h1)=0.985
2026-09-19 17:28:22 [INFO] [epoch 139] train=0.0165 val_pred=0.0041 latent_std=1.376 cos(h1)=0.982
2026-09-19 17:28:28 [INFO] [epoch 140] train=0.0123 val_pred=0.0036 latent_std=1.321 cos(h1)=0.985
2026-09-19 17:28:35 [INFO] [epoch 141] train=0.0089 val_pred=0.0036 latent_std=1.256 cos(h1)=0.985
2026-09-19 17:28:42 [INFO] [epoch 142] train=0.0089 val_pred=0.0036 latent_std=1.205 cos(h1)=0.985
2026-09-19 17:28:48 [INFO] [epoch 143] train=0.0084 val_pred=0.0037 latent_std=1.194 cos(h1)=0.985
2026-09-19 17:28:55 [INFO] [epoch 144] train=0.0130 val_pred=0.0036 latent_std=1.438 cos(h1)=0.985
2026-09-19 17:29:01 [INFO] [epoch 145] train=0.0122 val_pred=0.0036 latent_std=1.343 cos(h1)=0.985
2026-09-19 17:29:08 [INFO] [epoch 146] train=0.0084 val_pred=0.0036 latent_std=1.291 cos(h1)=0.985
2026-09-19 17:29:15 [INFO] [epoch 147] train=0.0126 val_pred=0.0049 latent_std=1.498 cos(h1)=0.982
2026-09-19 17:29:21 [INFO] [epoch 148] train=0.0152 val_pred=0.0036 latent_std=1.437 cos(h1)=0.985
2026-09-19 17:29:28 [INFO] [epoch 149] train=0.0104 val_pred=0.0035 latent_std=1.364 cos(h1)=0.985
2026-09-19 17:29:34 [INFO] [epoch 150] train=0.0099 val_pred=0.0035 latent_std=1.308 cos(h1)=0.985
2026-09-19 17:29:41 [INFO] [epoch 151] train=0.0094 val_pred=0.0035 latent_std=1.256 cos(h1)=0.985
2026-09-19 17:29:48 [INFO] [epoch 152] train=0.0107 val_pred=0.0038 latent_std=1.464 cos(h1)=0.984
2026-09-19 17:29:54 [INFO] [epoch 153] train=0.0121 val_pred=0.0035 latent_std=1.403 cos(h1)=0.985
2026-09-19 17:30:01 [INFO] [epoch 154] train=0.0116 val_pred=0.0035 latent_std=1.339 cos(h1)=0.985
2026-09-19 17:30:07 [INFO] [epoch 155] train=0.0092 val_pred=0.0035 latent_std=1.291 cos(h1)=0.985
2026-09-19 17:30:14 [INFO] [epoch 156] train=0.0081 val_pred=0.0035 latent_std=1.255 cos(h1)=0.985
2026-09-19 17:30:21 [INFO] [epoch 157] train=0.0074 val_pred=0.0035 latent_std=1.228 cos(h1)=0.985
2026-09-19 17:30:27 [INFO] [epoch 158] train=0.0078 val_pred=0.0035 latent_std=1.198 cos(h1)=0.985
2026-09-19 17:30:34 [INFO] [epoch 159] train=0.0071 val_pred=0.0035 latent_std=1.170 cos(h1)=0.985
2026-09-19 17:30:41 [INFO] [epoch 160] train=0.0067 val_pred=0.0035 latent_std=1.135 cos(h1)=0.985
2026-09-19 17:30:47 [INFO] [epoch 161] train=0.0092 val_pred=0.0045 latent_std=1.290 cos(h1)=0.983
2026-09-19 17:30:54 [INFO] [epoch 162] train=0.0086 val_pred=0.0036 latent_std=1.268 cos(h1)=0.985
2026-09-19 17:31:01 [INFO] [epoch 163] train=0.0078 val_pred=0.0036 latent_std=1.238 cos(h1)=0.985
2026-09-19 17:31:07 [INFO] [epoch 164] train=0.0077 val_pred=0.0035 latent_std=1.209 cos(h1)=0.985
2026-09-19 17:31:14 [INFO] [epoch 165] train=0.0075 val_pred=0.0035 latent_std=1.183 cos(h1)=0.985
2026-09-19 17:31:20 [INFO] [epoch 166] train=0.0072 val_pred=0.0035 latent_std=1.159 cos(h1)=0.985
2026-09-19 17:31:27 [INFO] [epoch 167] train=0.0116 val_pred=0.0037 latent_std=1.292 cos(h1)=0.984
2026-09-19 17:31:34 [INFO] [epoch 168] train=0.0090 val_pred=0.0035 latent_std=1.269 cos(h1)=0.985
2026-09-19 17:31:40 [INFO] [epoch 169] train=0.0087 val_pred=0.0035 latent_std=1.243 cos(h1)=0.985
2026-09-19 17:31:47 [INFO] [epoch 170] train=0.0079 val_pred=0.0035 latent_std=1.224 cos(h1)=0.985
2026-09-19 17:31:54 [INFO] [epoch 171] train=0.0077 val_pred=0.0035 latent_std=1.207 cos(h1)=0.985
2026-09-19 17:32:00 [INFO] [epoch 172] train=0.0072 val_pred=0.0035 latent_std=1.192 cos(h1)=0.985
2026-09-19 17:32:07 [INFO] [epoch 173] train=0.0076 val_pred=0.0035 latent_std=1.177 cos(h1)=0.985
2026-09-19 17:32:14 [INFO] [epoch 174] train=0.0075 val_pred=0.0035 latent_std=1.164 cos(h1)=0.985
2026-09-19 17:32:20 [INFO] [epoch 175] train=0.0066 val_pred=0.0035 latent_std=1.153 cos(h1)=0.985
2026-09-19 17:32:27 [INFO] [epoch 176] train=0.0070 val_pred=0.0035 latent_std=1.143 cos(h1)=0.985
2026-09-19 17:32:33 [INFO] [epoch 177] train=0.0067 val_pred=0.0035 latent_std=1.134 cos(h1)=0.985
2026-09-19 17:32:40 [INFO] [epoch 178] train=0.0064 val_pred=0.0035 latent_std=1.127 cos(h1)=0.985
2026-09-19 17:32:47 [INFO] [epoch 179] train=0.0067 val_pred=0.0035 latent_std=1.119 cos(h1)=0.985
2026-09-19 17:32:53 [INFO] [epoch 180] train=0.0084 val_pred=0.0036 latent_std=1.242 cos(h1)=0.985
2026-09-19 17:33:00 [INFO] [epoch 181] train=0.0076 val_pred=0.0035 latent_std=1.235 cos(h1)=0.985
2026-09-19 17:33:06 [INFO] [epoch 182] train=0.0069 val_pred=0.0035 latent_std=1.228 cos(h1)=0.985
2026-09-19 17:33:13 [INFO] [epoch 183] train=0.0076 val_pred=0.0035 latent_std=1.222 cos(h1)=0.985
2026-09-19 17:33:20 [INFO] [epoch 184] train=0.0072 val_pred=0.0035 latent_std=1.216 cos(h1)=0.985
2026-09-19 17:33:27 [INFO] [epoch 185] train=0.0073 val_pred=0.0035 latent_std=1.212 cos(h1)=0.985
2026-09-19 17:33:33 [INFO] [epoch 186] train=0.0072 val_pred=0.0035 latent_std=1.208 cos(h1)=0.985
2026-09-19 17:33:40 [INFO] [epoch 187] train=0.0073 val_pred=0.0035 latent_std=1.204 cos(h1)=0.985
2026-09-19 17:33:46 [INFO] [epoch 188] train=0.0074 val_pred=0.0035 latent_std=1.201 cos(h1)=0.985
2026-09-19 17:33:53 [INFO] [epoch 189] train=0.0071 val_pred=0.0035 latent_std=1.198 cos(h1)=0.985
2026-09-19 17:34:00 [INFO] [epoch 190] train=0.0071 val_pred=0.0035 latent_std=1.196 cos(h1)=0.985
2026-09-19 17:34:06 [INFO] [epoch 191] train=0.0070 val_pred=0.0035 latent_std=1.194 cos(h1)=0.985
2026-09-19 17:34:13 [INFO] [epoch 192] train=0.0072 val_pred=0.0035 latent_std=1.193 cos(h1)=0.985
2026-09-19 17:34:19 [INFO] [epoch 193] train=0.0070 val_pred=0.0035 latent_std=1.192 cos(h1)=0.985
2026-09-19 17:34:26 [INFO] [epoch 194] train=0.0066 val_pred=0.0035 latent_std=1.191 cos(h1)=0.985
2026-09-19 17:34:33 [INFO] [epoch 195] train=0.0063 val_pred=0.0035 latent_std=1.191 cos(h1)=0.985
2026-09-19 17:34:39 [INFO] [epoch 196] train=0.0067 val_pred=0.0035 latent_std=1.190 cos(h1)=0.985
2026-09-19 17:34:46 [INFO] [epoch 197] train=0.0068 val_pred=0.0035 latent_std=1.190 cos(h1)=0.985
2026-09-19 17:34:52 [INFO] [epoch 198] train=0.0070 val_pred=0.0035 latent_std=1.190 cos(h1)=0.985
2026-09-19 17:34:59 [INFO] [epoch 199] train=0.0070 val_pred=0.0035 latent_std=1.190 cos(h1)=0.985
2026-09-19 17:34:59 [INFO] Saved checkpoint to outputs\pendulum\20260919_171240\checkpoint.pt
